Archive member included to satisfy reference by file (symbol)

/Users/Internet/Library/Application Support/Code/User/globalStorage/vexrobotics.vexcode/sdk/cpp/V5/V5_20240223_11_00_00/vexv5/libv5rt.a(v5_startup.c.obj)
                              (vexStartup)
/Users/Internet/Library/Application Support/Code/User/globalStorage/vexrobotics.vexcode/sdk/cpp/V5/V5_20240223_11_00_00/vexv5/libv5rt.a(v5_util.c.obj)
                              /Users/Internet/Library/Application Support/Code/User/globalStorage/vexrobotics.vexcode/sdk/cpp/V5/V5_20240223_11_00_00/vexv5/libv5rt.a(v5_startup.c.obj) (vexStdlibVersionLinked)
/Users/Internet/Library/Application Support/Code/User/globalStorage/vexrobotics.vexcode/sdk/cpp/V5/V5_20240223_11_00_00/vexv5/libv5rt.a(v5_apijump.c.obj)
                              /Users/Internet/Library/Application Support/Code/User/globalStorage/vexrobotics.vexcode/sdk/cpp/V5/V5_20240223_11_00_00/vexv5/libv5rt.a(v5_startup.c.obj) (vexPrivateApiEnable)
/Users/Internet/Library/Application Support/Code/User/globalStorage/vexrobotics.vexcode/sdk/cpp/V5/V5_20240223_11_00_00/vexv5/libv5rt.a(v5_apiversions.c.obj)
                              /Users/Internet/Library/Application Support/Code/User/globalStorage/vexrobotics.vexcode/sdk/cpp/V5/V5_20240223_11_00_00/vexv5/libv5rt.a(v5_apijump.c.obj) (vexSystemVersion)
/Users/Internet/Library/Application Support/Code/User/globalStorage/vexrobotics.vexcode/sdk/cpp/V5/V5_20240223_11_00_00/vexv5/libv5rt.a(vex_global.cpp.obj)
                              build/src/main.o (vex::wait(double, vex::timeUnits))
/Users/Internet/Library/Application Support/Code/User/globalStorage/vexrobotics.vexcode/sdk/cpp/V5/V5_20240223_11_00_00/vexv5/libv5rt.a(vex_device.cpp.obj)
                              build/src/ai_robot_link.o (vex::device::value())
/Users/Internet/Library/Application Support/Code/User/globalStorage/vexrobotics.vexcode/sdk/cpp/V5/V5_20240223_11_00_00/vexv5/libv5rt.a(vex_motor.cpp.obj)
                              build/src/main.o (vex::motor::~motor())
/Users/Internet/Library/Application Support/Code/User/globalStorage/vexrobotics.vexcode/sdk/cpp/V5/V5_20240223_11_00_00/vexv5/libv5rt.a(vex_gps.cpp.obj)
                              build/src/main.o (vex::gps::~gps())
/Users/Internet/Library/Application Support/Code/User/globalStorage/vexrobotics.vexcode/sdk/cpp/V5/V5_20240223_11_00_00/vexv5/libv5rt.a(vex_thread.cpp.obj)
                              build/src/main.o (vex::thread::thread(int (*)()))
/Users/Internet/Library/Application Support/Code/User/globalStorage/vexrobotics.vexcode/sdk/cpp/V5/V5_20240223_11_00_00/vexv5/libv5rt.a(vex_event.cpp.obj)
                              /Users/Internet/Library/Application Support/Code/User/globalStorage/vexrobotics.vexcode/sdk/cpp/V5/V5_20240223_11_00_00/vexv5/libv5rt.a(vex_gps.cpp.obj) (vex::event::init(unsigned long, unsigned long, void (*)()))
/Users/Internet/Library/Application Support/Code/User/globalStorage/vexrobotics.vexcode/sdk/cpp/V5/V5_20240223_11_00_00/vexv5/libv5rt.a(vex_brain.cpp.obj)
                              build/src/dashboard.o (vex::brain::lcd::setFont(vex::fontType))
/Users/Internet/Library/Application Support/Code/User/globalStorage/vexrobotics.vexcode/sdk/cpp/V5/V5_20240223_11_00_00/vexv5/libv5rt.a(vex_competition.cpp.obj)
                              build/src/main.o (vex::competition::competition())
/Users/Internet/Library/Application Support/Code/User/globalStorage/vexrobotics.vexcode/sdk/cpp/V5/V5_20240223_11_00_00/vexv5/libv5rt.a(vex_triport.cpp.obj)
                              /Users/Internet/Library/Application Support/Code/User/globalStorage/vexrobotics.vexcode/sdk/cpp/V5/V5_20240223_11_00_00/vexv5/libv5rt.a(vex_brain.cpp.obj) (vex::triport::~triport())
/Users/Internet/Library/Application Support/Code/User/globalStorage/vexrobotics.vexcode/sdk/cpp/V5/V5_20240223_11_00_00/vexv5/libv5rt.a(vex_color.cpp.obj)
                              build/src/dashboard.o (vex::color::~color())
/Users/Internet/Library/Application Support/Code/User/globalStorage/vexrobotics.vexcode/sdk/cpp/V5/V5_20240223_11_00_00/vexv5/libv5rt.a(vex_timer.cpp.obj)
                              build/src/ai_jetson.o (vex::timer::~timer())
/Users/Internet/Library/Application Support/Code/User/globalStorage/vexrobotics.vexcode/sdk/cpp/V5/V5_20240223_11_00_00/vexv5/libv5rt.a(vex_drivetrain.cpp.obj)
                              build/src/ai_functions.o (vex::drivetrain::turn(vex::turnType, double, vex::velocityUnits))
/Users/Internet/Library/Application Support/Code/User/globalStorage/vexrobotics.vexcode/sdk/cpp/V5/V5_20240223_11_00_00/vexv5/libv5rt.a(vex_smartdrive.cpp.obj)
                              build/src/main.o (vex::smartdrive::~smartdrive())
/Users/Internet/Library/Application Support/Code/User/globalStorage/vexrobotics.vexcode/sdk/cpp/V5/V5_20240223_11_00_00/vexv5/libv5rt.a(vex_vexlink.cpp.obj)
                              build/src/ai_robot_link.o (vex::serial_link::~serial_link())
[...]
Memory Configuration

Name             Origin             Length             Attributes
ps7_ddr_0_S_AXI_BASEADDR 0x0000000003800000 0x0000000004800000
*default*        0x0000000000000000 0xffffffffffffffff

Linker script and memory map

                0x0000000000002000                _STACK_SIZE = DEFINED (_STACK_SIZE)?_STACK_SIZE:0x2000
                0x0000000000100000                _HEAP_SIZE = DEFINED (_HEAP_SIZE)?_HEAP_SIZE:0x100000
                0x0000000000000400                _ABORT_STACK_SIZE = DEFINED (_ABORT_STACK_SIZE)?_ABORT_STACK_SIZE:0x400
                0x0000000000000800                _SUPERVISOR_STACK_SIZE = DEFINED (_SUPERVISOR_STACK_SIZE)?_SUPERVISOR_STACK_SIZE:0x800
                0x0000000000000400                _IRQ_STACK_SIZE = DEFINED (_IRQ_STACK_SIZE)?_IRQ_STACK_SIZE:0x400
                0x0000000000000400                _FIQ_STACK_SIZE = DEFINED (_FIQ_STACK_SIZE)?_FIQ_STACK_SIZE:0x400
                0x0000000000000400                _UNDEF_STACK_SIZE = DEFINED (_UNDEF_STACK_SIZE)?_UNDEF_STACK_SIZE:0x400

.text           0x0000000003800000     0x6160
 *(.vectors)
 *(.boot_data)
 .boot_data     0x0000000003800000       0x20 /Users/Internet/Library/Application Support/Code/User/globalStorage/vexrobotics.vexcode/sdk/cpp/V5/V5_20240223_11_00_00/vexv5/libv5rt.a(v5_startup.c.obj)
                0x0000000003800000                vexCodeSig
                0x0000000000000020                . = 0x20
 *(.boot)
 .boot          0x0000000003800020       0xbc /Users/Internet/Library/Application Support/Code/User/globalStorage/vexrobotics.vexcode/sdk/cpp/V5/V5_20240223_11_00_00/vexv5/libv5rt.a(v5_startup.c.obj)
                0x0000000003800020                vexStartup
                0x0000000003800100                . = ALIGN (0x40)
 *fill*         0x00000000038000dc       0x24 
 *(.freertos_vectors)
 *(.text)
 .text          0x0000000003800100       0x9a /Users/Internet/Library/Application Support/Code/User/globalStorage/vexrobotics.vexcode/sdk/cpp/V5/V5_20240223_11_00_00/vexv5/gcc/libs/libc.a(lib_a-aeabi_memset-soft.o)
                0x0000000003800100                __aeabi_memset4
                0x0000000003800100                __aeabi_memset8
                0x0000000003800100                __aeabi_memset
 *(.text.*)
 *fill*         0x000000000380019a        0x2 
 .text._GLOBAL__sub_I_ai_functions.cpp
                0x000000000380019c       0x34 build/src/ai_functions.o
 .text._ZN2ai6jetsonC2Ev
                0x00000000038001d0       0x60 build/src/ai_jetson.o
                0x00000000038001d0                ai::jetson::jetson()
                0x00000000038001d0                ai::jetson::jetson()
 .text._ZN2ai6jetson12receive_taskEPv
                0x0000000003800230       0x8c build/src/ai_jetson.o
                0x0000000003800230                ai::jetson::receive_task(void*)
 .text._ZN2ai6jetsonD2Ev
                0x00000000038002bc       0x28 build/src/ai_jetson.o
                0x00000000038002bc                ai::jetson::~jetson()
                0x00000000038002bc                ai::jetson::~jetson()
 .text._ZN2ai6jetson11get_packetsEv
                0x00000000038002e4        0x8 build/src/ai_jetson.o
                0x00000000038002e4                ai::jetson::get_packets()
 .text._ZN2ai6jetson10get_errorsEv
                0x00000000038002ec        0x8 build/src/ai_jetson.o
                0x00000000038002ec                ai::jetson::get_errors()
 .text._ZN2ai6jetson12get_timeoutsEv
                0x00000000038002f4        0x8 build/src/ai_jetson.o
                0x00000000038002f4                ai::jetson::get_timeouts()
 .text._ZN2ai6jetson9get_totalEv
                0x00000000038002fc        0x8 build/src/ai_jetson.o
                0x00000000038002fc                ai::jetson::get_total()
 .text._ZN2ai6jetson8get_dataEP9AI_RECORD
                0x0000000003800304       0x5c build/src/ai_jetson.o
                0x0000000003800304                ai::jetson::get_data(AI_RECORD*)
 .text._ZN2ai6jetson5crc32EPhmm
                0x0000000003800360       0x84 build/src/ai_jetson.o
                0x0000000003800360                ai::jetson::crc32(unsigned char*, unsigned long, unsigned long)
 .text._ZN2ai6jetson5parseEh
                0x00000000038003e4      0x31c build/src/ai_jetson.o
                0x00000000038003e4                ai::jetson::parse(unsigned char)
 .text._ZN2ai6jetson11request_mapEv
                0x0000000003800700       0x88 build/src/ai_jetson.o
                0x0000000003800700                ai::jetson::request_map()
 .text._ZN2ai10robot_linkC2ElPKcN3vex8linkTypeE
                0x0000000003800788       0x98 build/src/ai_robot_link.o
                0x0000000003800788                ai::robot_link::robot_link(long, char const*, vex::linkType)
                0x0000000003800788                ai::robot_link::robot_link(long, char const*, vex::linkType)
 .text._ZN2ai10robot_link7tx_taskEPv
                0x0000000003800820       0xe0 build/src/ai_robot_link.o
                0x0000000003800820                ai::robot_link::tx_task(void*)
 .text._ZN2ai10robot_link7rx_taskEPv
                0x0000000003800900       0x8c build/src/ai_robot_link.o
                0x0000000003800900                ai::robot_link::rx_task(void*)
 .text._ZN2ai10robot_linkD2Ev
                0x000000000380098c       0x4c build/src/ai_robot_link.o
                0x000000000380098c                ai::robot_link::~robot_link()
                0x000000000380098c                ai::robot_link::~robot_link()
 .text._ZN2ai10robot_linkD0Ev
                0x00000000038009d8       0x14 build/src/ai_robot_link.o
                0x00000000038009d8                ai::robot_link::~robot_link()
 .text._ZN2ai10robot_link11get_packetsEv
                0x00000000038009ec        0x8 build/src/ai_robot_link.o
                0x00000000038009ec                ai::robot_link::get_packets()
 .text._ZN2ai10robot_link10get_errorsEv
                0x00000000038009f4        0x8 build/src/ai_robot_link.o
                0x00000000038009f4                ai::robot_link::get_errors()
 .text._ZN2ai10robot_link12get_timeoutsEv
                0x00000000038009fc        0x8 build/src/ai_robot_link.o
                0x00000000038009fc                ai::robot_link::get_timeouts()
 .text._ZN2ai10robot_link9get_totalEv
                0x0000000003800a04        0x8 build/src/ai_robot_link.o
                0x0000000003800a04                ai::robot_link::get_total()
 .text._ZN2ai10robot_link19set_remote_locationEfffl
                0x0000000003800a0c       0x78 build/src/ai_robot_link.o
                0x0000000003800a0c                ai::robot_link::set_remote_location(float, float, float, long)
 .text._ZN2ai10robot_link18get_local_locationERfS1_S1_Rl
                0x0000000003800a84       0x88 build/src/ai_robot_link.o
                0x0000000003800a84                ai::robot_link::get_local_location(float&, float&, float&, long&)
 .text._ZN2ai10robot_link19get_remote_locationERfS1_S1_
                0x0000000003800b0c       0x7c build/src/ai_robot_link.o
                0x0000000003800b0c                ai::robot_link::get_remote_location(float&, float&, float&)
 .text._ZN2ai10robot_link7processEh
                0x0000000003800b88      0x258 build/src/ai_robot_link.o
                0x0000000003800b88                ai::robot_link::process(unsigned char)
 .text._Z13dashboardTaskv
                0x0000000003800de0      0x7cc build/src/dashboard.o
                0x0000000003800de0                dashboardTask()
 *fill*         0x00000000038015ac        0x4 
 .text._Z14auto_Isolationv
                0x00000000038015b0      0x28c build/src/main.o
                0x00000000038015b0                auto_Isolation()
 .text.main     0x000000000380183c        0xc build/src/main.o
                0x000000000380183c                main
 .text._GLOBAL__sub_I_main.cpp
                0x0000000003801848      0x2a0 build/src/main.o
 .text.vexMain  0x0000000003801ae8       0xb0 /Users/Internet/Library/Application Support/Code/User/globalStorage/vexrobotics.vexcode/sdk/cpp/V5/V5_20240223_11_00_00/vexv5/libv5rt.a(v5_startup.c.obj)
                0x0000000003801ae8                vexMain
 .text.__vex_function_prolog
                0x0000000003801b98       0x18 /Users/Internet/Library/Application Support/Code/User/globalStorage/vexrobotics.vexcode/sdk/cpp/V5/V5_20240223_11_00_00/vexv5/libv5rt.a(v5_startup.c.obj)
                0x0000000003801b98                __vex_function_prolog
 .text._init    0x0000000003801bb0        0x4 /Users/Internet/Library/Application Support/Code/User/globalStorage/vexrobotics.vexcode/sdk/cpp/V5/V5_20240223_11_00_00/vexv5/libv5rt.a(v5_startup.c.obj)
                0x0000000003801bb0                _init
 .text._fini    0x0000000003801bb4        0x4 /Users/Internet/Library/Application Support/Code/User/globalStorage/vexrobotics.vexcode/sdk/cpp/V5/V5_20240223_11_00_00/vexv5/libv5rt.a(v5_startup.c.obj)
                0x0000000003801bb4                _fini
 .text.vexStdlibVersionLinked
                0x0000000003801bb8        0xc /Users/Internet/Library/Application Support/Code/User/globalStorage/vexrobotics.vexcode/sdk/cpp/V5/V5_20240223_11_00_00/vexv5/libv5rt.a(v5_util.c.obj)
                0x0000000003801bb8                vexStdlibVersionLinked
 .text.vexStdlibVersionVerify
                0x0000000003801bc4       0x30 /Users/Internet/Library/Application Support/Code/User/globalStorage/vexrobotics.vexcode/sdk/cpp/V5/V5_20240223_11_00_00/vexv5/libv5rt.a(v5_util.c.obj)
                0x0000000003801bc4                vexStdlibVersionVerify
 .text.vexPrivateApiEnable
                0x0000000003801bf4       0x10 /Users/Internet/Library/Application Support/Code/User/globalStorage/vexrobotics.vexcode/sdk/cpp/V5/V5_20240223_11_00_00/vexv5/libv5rt.a(v5_apijump.c.obj)
                0x0000000003801bf4                vexPrivateApiEnable
 .text.vexStdlibMismatchError
                0x0000000003801c04       0x3c /Users/Internet/Library/Application Support/Code/User/globalStorage/vexrobotics.vexcode/sdk/cpp/V5/V5_20240223_11_00_00/vexv5/libv5rt.a(v5_apijump.c.obj)
                0x0000000003801c04                vexStdlibMismatchError
 .text.vexTaskAdd
                0x0000000003801c40       0x10 /Users/Internet/Library/Application Support/Code/User/globalStorage/vexrobotics.vexcode/sdk/cpp/V5/V5_20240223_11_00_00/vexv5/libv5rt.a(v5_apijump.c.obj)
                0x0000000003801c40                vexTaskAdd
 .text.vexTasksRun
                0x0000000003801c50       0x10 /Users/Internet/Library/Application Support/Code/User/globalStorage/vexrobotics.vexcode/sdk/cpp/V5/V5_20240223_11_00_00/vexv5/libv5rt.a(v5_apijump.c.obj)
                0x0000000003801c50                vexTasksRun
 .text.vexTaskYield
                0x0000000003801c60       0x10 /Users/Internet/Library/Application Support/Code/User/globalStorage/vexrobotics.vexcode/sdk/cpp/V5/V5_20240223_11_00_00/vexv5/libv5rt.a(v5_apijump.c.obj)
                0x0000000003801c60                vexTaskYield
 .text.vexTaskCheckTimeslice
                0x0000000003801c70       0x10 /Users/Internet/Library/Application Support/Code/User/globalStorage/vexrobotics.vexcode/sdk/cpp/V5/V5_20240223_11_00_00/vexv5/libv5rt.a(v5_apijump.c.obj)
                0x0000000003801c70                vexTaskCheckTimeslice
 .text.vexTaskSleep
                0x0000000003801c80       0x10 /Users/Internet/Library/Application Support/Code/User/globalStorage/vexrobotics.vexcode/sdk/cpp/V5/V5_20240223_11_00_00/vexv5/libv5rt.a(v5_apijump.c.obj)
                0x0000000003801c80                vexTaskSleep
 .text.vexSemaphoreInit
                0x0000000003801c90       0x24 /Users/Internet/Library/Application Support/Code/User/globalStorage/vexrobotics.vexcode/sdk/cpp/V5/V5_20240223_11_00_00/vexv5/libv5rt.a(v5_apijump.c.obj)
                0x0000000003801c90                vexSemaphoreInit
 .text.vexSemaphoreLock
                0x0000000003801cb4       0x2c /Users/Internet/Library/Application Support/Code/User/globalStorage/vexrobotics.vexcode/sdk/cpp/V5/V5_20240223_11_00_00/vexv5/libv5rt.a(v5_apijump.c.obj)
                0x0000000003801cb4                vexSemaphoreLock
 .text.vexSemaphoreUnlock
                0x0000000003801ce0       0x24 /Users/Internet/Library/Application Support/Code/User/globalStorage/vexrobotics.vexcode/sdk/cpp/V5/V5_20240223_11_00_00/vexv5/libv5rt.a(v5_apijump.c.obj)
                0x0000000003801ce0                vexSemaphoreUnlock
 .text.vexTasksDump
                0x0000000003801d04       0x1c /Users/Internet/Library/Application Support/Code/User/globalStorage/vexrobotics.vexcode/sdk/cpp/V5/V5_20240223_11_00_00/vexv5/libv5rt.a(v5_apijump.c.obj)
                0x0000000003801d04                vexTasksDump
 .text.vexTaskStateGet
                0x0000000003801d20       0x10 /Users/Internet/Library/Application Support/Code/User/globalStorage/vexrobotics.vexcode/sdk/cpp/V5/V5_20240223_11_00_00/vexv5/libv5rt.a(v5_apijump.c.obj)
                0x0000000003801d20                vexTaskStateGet
 .text.vexTaskGetTaskIndex
                0x0000000003801d30       0x10 /Users/Internet/Library/Application Support/Code/User/globalStorage/vexrobotics.vexcode/sdk/cpp/V5/V5_20240223_11_00_00/vexv5/libv5rt.a(v5_apijump.c.obj)
                0x0000000003801d30                vexTaskGetTaskIndex
 .text.vexTaskStopAll
                0x0000000003801d40       0x10 /Users/Internet/Library/Application Support/Code/User/globalStorage/vexrobotics.vexcode/sdk/cpp/V5/V5_20240223_11_00_00/vexv5/libv5rt.a(v5_apijump.c.obj)
                0x0000000003801d40                vexTaskStopAll
 .text.vexTaskRemoveAllUser
                0x0000000003801d50       0x34 /Users/Internet/Library/Application Support/Code/User/globalStorage/vexrobotics.vexcode/sdk/cpp/V5/V5_20240223_11_00_00/vexv5/libv5rt.a(v5_apijump.c.obj)
                0x0000000003801d50                vexTaskRemoveAllUser
 .text.vexTaskCompletionIdSet
                0x0000000003801d84       0x10 /Users/Internet/Library/Application Support/Code/User/globalStorage/vexrobotics.vexcode/sdk/cpp/V5/V5_20240223_11_00_00/vexv5/libv5rt.a(v5_apijump.c.obj)
                0x0000000003801d84                vexTaskCompletionIdSet
 .text.vexTaskAddWithArg
                0x0000000003801d94       0x10 /Users/Internet/Library/Application Support/Code/User/globalStorage/vexrobotics.vexcode/sdk/cpp/V5/V5_20240223_11_00_00/vexv5/libv5rt.a(v5_apijump.c.obj)
                0x0000000003801d94                vexTaskAddWithArg
 .text.vexTaskStopWithId
                0x0000000003801da4       0x10 /Users/Internet/Library/Application Support/Code/User/globalStorage/vexrobotics.vexcode/sdk/cpp/V5/V5_20240223_11_00_00/vexv5/libv5rt.a(v5_apijump.c.obj)
                0x0000000003801da4                vexTaskStopWithId
 .text.vexTaskPrioritySetWithId
                0x0000000003801db4       0x10 /Users/Internet/Library/Application Support/Code/User/globalStorage/vexrobotics.vexcode/sdk/cpp/V5/V5_20240223_11_00_00/vexv5/libv5rt.a(v5_apijump.c.obj)
                0x0000000003801db4                vexTaskPrioritySetWithId
 .text.vexCriticalSection
                0x0000000003801dc4       0x2c /Users/Internet/Library/Application Support/Code/User/globalStorage/vexrobotics.vexcode/sdk/cpp/V5/V5_20240223_11_00_00/vexv5/libv5rt.a(v5_apijump.c.obj)
                0x0000000003801dc4                vexCriticalSection
 .text.vexEventAdd
                0x0000000003801df0       0x34 /Users/Internet/Library/Application Support/Code/User/globalStorage/vexrobotics.vexcode/sdk/cpp/V5/V5_20240223_11_00_00/vexv5/libv5rt.a(v5_apijump.c.obj)
                0x0000000003801df0                vexEventAdd
 .text.vexEventUserIndexGet
                0x0000000003801e24       0x1c /Users/Internet/Library/Application Support/Code/User/globalStorage/vexrobotics.vexcode/sdk/cpp/V5/V5_20240223_11_00_00/vexv5/libv5rt.a(v5_apijump.c.obj)
                0x0000000003801e24                vexEventUserIndexGet
 .text.vexEventAddWithArg
                0x0000000003801e40       0x3c /Users/Internet/Library/Application Support/Code/User/globalStorage/vexrobotics.vexcode/sdk/cpp/V5/V5_20240223_11_00_00/vexv5/libv5rt.a(v5_apijump.c.obj)
                0x0000000003801e40                vexEventAddWithArg
 .text.vexEventsCleanup
                0x0000000003801e7c       0x2c /Users/Internet/Library/Application Support/Code/User/globalStorage/vexrobotics.vexcode/sdk/cpp/V5/V5_20240223_11_00_00/vexv5/libv5rt.a(v5_apijump.c.obj)
                0x0000000003801e7c                vexEventsCleanup
 .text.vexDebug
                0x0000000003801ea8       0x38 /Users/Internet/Library/Application Support/Code/User/globalStorage/vexrobotics.vexcode/sdk/cpp/V5/V5_20240223_11_00_00/vexv5/libv5rt.a(v5_apijump.c.obj)
                0x0000000003801ea8                vexDebug
 .text.vex_sprintf
                0x0000000003801ee0       0x40 /Users/Internet/Library/Application Support/Code/User/globalStorage/vexrobotics.vexcode/sdk/cpp/V5/V5_20240223_11_00_00/vexv5/libv5rt.a(v5_apijump.c.obj)
                0x0000000003801ee0                vex_sprintf
 .text.vexSystemTimeGet
                0x0000000003801f20       0x1c /Users/Internet/Library/Application Support/Code/User/globalStorage/vexrobotics.vexcode/sdk/cpp/V5/V5_20240223_11_00_00/vexv5/libv5rt.a(v5_apijump.c.obj)
                0x0000000003801f20                vexSystemTimeGet
 .text.vexSystemExitRequest
                0x0000000003801f3c       0x1c /Users/Internet/Library/Application Support/Code/User/globalStorage/vexrobotics.vexcode/sdk/cpp/V5/V5_20240223_11_00_00/vexv5/libv5rt.a(v5_apijump.c.obj)
                0x0000000003801f3c                vexSystemExitRequest
 .text.vexDeviceGetByIndex
                0x0000000003801f58       0x24 /Users/Internet/Library/Application Support/Code/User/globalStorage/vexrobotics.vexcode/sdk/cpp/V5/V5_20240223_11_00_00/vexv5/libv5rt.a(v5_apijump.c.obj)
                0x0000000003801f58                vexDeviceGetByIndex
 .text.vexDeviceMotorVelocitySet
                0x0000000003801f7c       0x2c /Users/Internet/Library/Application Support/Code/User/globalStorage/vexrobotics.vexcode/sdk/cpp/V5/V5_20240223_11_00_00/vexv5/libv5rt.a(v5_apijump.c.obj)
                0x0000000003801f7c                vexDeviceMotorVelocitySet
 .text.vexDeviceMotorVelocityGet
                0x0000000003801fa8       0x24 /Users/Internet/Library/Application Support/Code/User/globalStorage/vexrobotics.vexcode/sdk/cpp/V5/V5_20240223_11_00_00/vexv5/libv5rt.a(v5_apijump.c.obj)
                0x0000000003801fa8                vexDeviceMotorVelocityGet
 .text.vexDeviceMotorActualVelocityGet
                0x0000000003801fcc       0x24 /Users/Internet/Library/Application Support/Code/User/globalStorage/vexrobotics.vexcode/sdk/cpp/V5/V5_20240223_11_00_00/vexv5/libv5rt.a(v5_apijump.c.obj)
                0x0000000003801fcc                vexDeviceMotorActualVelocityGet
 .text.vexDeviceMotorModeGet
                0x0000000003801ff0       0x24 /Users/Internet/Library/Application Support/Code/User/globalStorage/vexrobotics.vexcode/sdk/cpp/V5/V5_20240223_11_00_00/vexv5/libv5rt.a(v5_apijump.c.obj)
                0x0000000003801ff0                vexDeviceMotorModeGet
 .text.vexDeviceMotorZeroPositionFlagGet
                0x0000000003802014       0x24 /Users/Internet/Library/Application Support/Code/User/globalStorage/vexrobotics.vexcode/sdk/cpp/V5/V5_20240223_11_00_00/vexv5/libv5rt.a(v5_apijump.c.obj)
                0x0000000003802014                vexDeviceMotorZeroPositionFlagGet
 .text.vexDeviceMotorReverseFlagSet
                0x0000000003802038       0x2c /Users/Internet/Library/Application Support/Code/User/globalStorage/vexrobotics.vexcode/sdk/cpp/V5/V5_20240223_11_00_00/vexv5/libv5rt.a(v5_apijump.c.obj)
                0x0000000003802038                vexDeviceMotorReverseFlagSet
 .text.vexDeviceMotorEncoderUnitsSet
                0x0000000003802064       0x2c /Users/Internet/Library/Application Support/Code/User/globalStorage/vexrobotics.vexcode/sdk/cpp/V5/V5_20240223_11_00_00/vexv5/libv5rt.a(v5_apijump.c.obj)
                0x0000000003802064                vexDeviceMotorEncoderUnitsSet
 .text.vexDeviceMotorBrakeModeSet
                0x0000000003802090       0x2c /Users/Internet/Library/Application Support/Code/User/globalStorage/vexrobotics.vexcode/sdk/cpp/V5/V5_20240223_11_00_00/vexv5/libv5rt.a(v5_apijump.c.obj)
                0x0000000003802090                vexDeviceMotorBrakeModeSet
 .text.vexDeviceMotorPositionSet
                0x00000000038020bc       0x34 /Users/Internet/Library/Application Support/Code/User/globalStorage/vexrobotics.vexcode/sdk/cpp/V5/V5_20240223_11_00_00/vexv5/libv5rt.a(v5_apijump.c.obj)
                0x00000000038020bc                vexDeviceMotorPositionSet
 .text.vexDeviceMotorRelativeTargetSet
                0x00000000038020f0       0x3c /Users/Internet/Library/Application Support/Code/User/globalStorage/vexrobotics.vexcode/sdk/cpp/V5/V5_20240223_11_00_00/vexv5/libv5rt.a(v5_apijump.c.obj)
                0x00000000038020f0                vexDeviceMotorRelativeTargetSet
 .text.vexDeviceMotorGearingSet
                0x000000000380212c       0x2c /Users/Internet/Library/Application Support/Code/User/globalStorage/vexrobotics.vexcode/sdk/cpp/V5/V5_20240223_11_00_00/vexv5/libv5rt.a(v5_apijump.c.obj)
                0x000000000380212c                vexDeviceMotorGearingSet
 .text.vexDeviceMotorGearingGet
                0x0000000003802158       0x24 /Users/Internet/Library/Application Support/Code/User/globalStorage/vexrobotics.vexcode/sdk/cpp/V5/V5_20240223_11_00_00/vexv5/libv5rt.a(v5_apijump.c.obj)
                0x0000000003802158                vexDeviceMotorGearingGet
 .text.vexDeviceGpsReset
                0x000000000380217c       0x38 /Users/Internet/Library/Application Support/Code/User/globalStorage/vexrobotics.vexcode/sdk/cpp/V5/V5_20240223_11_00_00/vexv5/libv5rt.a(v5_apijump.c.obj)
                0x000000000380217c                vexDeviceGpsReset
 .text.vexDeviceGpsHeadingGet
                0x00000000038021b4       0x44 /Users/Internet/Library/Application Support/Code/User/globalStorage/vexrobotics.vexcode/sdk/cpp/V5/V5_20240223_11_00_00/vexv5/libv5rt.a(v5_apijump.c.obj)
                0x00000000038021b4                vexDeviceGpsHeadingGet
 .text.vexDeviceGpsDegreesGet
                0x00000000038021f8       0x44 /Users/Internet/Library/Application Support/Code/User/globalStorage/vexrobotics.vexcode/sdk/cpp/V5/V5_20240223_11_00_00/vexv5/libv5rt.a(v5_apijump.c.obj)
                0x00000000038021f8                vexDeviceGpsDegreesGet
 .text.vexDeviceGpsStatusGet
                0x000000000380223c       0x40 /Users/Internet/Library/Application Support/Code/User/globalStorage/vexrobotics.vexcode/sdk/cpp/V5/V5_20240223_11_00_00/vexv5/libv5rt.a(v5_apijump.c.obj)
                0x000000000380223c                vexDeviceGpsStatusGet
 .text.vexDeviceGpsModeSet
                0x000000000380227c       0x40 /Users/Internet/Library/Application Support/Code/User/globalStorage/vexrobotics.vexcode/sdk/cpp/V5/V5_20240223_11_00_00/vexv5/libv5rt.a(v5_apijump.c.obj)
                0x000000000380227c                vexDeviceGpsModeSet
 .text.vexDeviceGpsOriginSet
                0x00000000038022bc       0x50 /Users/Internet/Library/Application Support/Code/User/globalStorage/vexrobotics.vexcode/sdk/cpp/V5/V5_20240223_11_00_00/vexv5/libv5rt.a(v5_apijump.c.obj)
                0x00000000038022bc                vexDeviceGpsOriginSet
 .text.vexDeviceGpsRotationSet
                0x000000000380230c       0x48 /Users/Internet/Library/Application Support/Code/User/globalStorage/vexrobotics.vexcode/sdk/cpp/V5/V5_20240223_11_00_00/vexv5/libv5rt.a(v5_apijump.c.obj)
                0x000000000380230c                vexDeviceGpsRotationSet
 .text.vexDeviceGpsRotationGet
                0x0000000003802354       0x44 /Users/Internet/Library/Application Support/Code/User/globalStorage/vexrobotics.vexcode/sdk/cpp/V5/V5_20240223_11_00_00/vexv5/libv5rt.a(v5_apijump.c.obj)
                0x0000000003802354                vexDeviceGpsRotationGet
 .text.vexDisplayForegroundColor
                0x0000000003802398       0x24 /Users/Internet/Library/Application Support/Code/User/globalStorage/vexrobotics.vexcode/sdk/cpp/V5/V5_20240223_11_00_00/vexv5/libv5rt.a(v5_apijump.c.obj)
                0x0000000003802398                vexDisplayForegroundColor
 .text.vexDisplayBackgroundColor
                0x00000000038023bc       0x24 /Users/Internet/Library/Application Support/Code/User/globalStorage/vexrobotics.vexcode/sdk/cpp/V5/V5_20240223_11_00_00/vexv5/libv5rt.a(v5_apijump.c.obj)
                0x00000000038023bc                vexDisplayBackgroundColor
 .text.vexDisplayBackgroundColorGet
                0x00000000038023e0       0x1c /Users/Internet/Library/Application Support/Code/User/globalStorage/vexrobotics.vexcode/sdk/cpp/V5/V5_20240223_11_00_00/vexv5/libv5rt.a(v5_apijump.c.obj)
                0x00000000038023e0                vexDisplayBackgroundColorGet
 .text.vexDisplayRectDraw
                0x00000000038023fc       0x4c /Users/Internet/Library/Application Support/Code/User/globalStorage/vexrobotics.vexcode/sdk/cpp/V5/V5_20240223_11_00_00/vexv5/libv5rt.a(v5_apijump.c.obj)
                0x00000000038023fc                vexDisplayRectDraw
 .text.vexDisplayRectClear
                0x0000000003802448       0x4c /Users/Internet/Library/Application Support/Code/User/globalStorage/vexrobotics.vexcode/sdk/cpp/V5/V5_20240223_11_00_00/vexv5/libv5rt.a(v5_apijump.c.obj)
                0x0000000003802448                vexDisplayRectClear
 .text.vexDisplayVPrintf
                0x0000000003802494       0x50 /Users/Internet/Library/Application Support/Code/User/globalStorage/vexrobotics.vexcode/sdk/cpp/V5/V5_20240223_11_00_00/vexv5/libv5rt.a(v5_apijump.c.obj)
                0x0000000003802494                vexDisplayVPrintf
 .text.vexDisplayTextReference
                0x00000000038024e4       0x24 /Users/Internet/Library/Application Support/Code/User/globalStorage/vexrobotics.vexcode/sdk/cpp/V5/V5_20240223_11_00_00/vexv5/libv5rt.a(v5_apijump.c.obj)
                0x00000000038024e4                vexDisplayTextReference
 .text.vexDisplayTextSize
                0x0000000003802508       0x2c /Users/Internet/Library/Application Support/Code/User/globalStorage/vexrobotics.vexcode/sdk/cpp/V5/V5_20240223_11_00_00/vexv5/libv5rt.a(v5_apijump.c.obj)
                0x0000000003802508                vexDisplayTextSize
 .text.vexDisplayFontNamedSet
                0x0000000003802534       0x24 /Users/Internet/Library/Application Support/Code/User/globalStorage/vexrobotics.vexcode/sdk/cpp/V5/V5_20240223_11_00_00/vexv5/libv5rt.a(v5_apijump.c.obj)
                0x0000000003802534                vexDisplayFontNamedSet
 .text.vexDisplayPenSizeGet
                0x0000000003802558       0x1c /Users/Internet/Library/Application Support/Code/User/globalStorage/vexrobotics.vexcode/sdk/cpp/V5/V5_20240223_11_00_00/vexv5/libv5rt.a(v5_apijump.c.obj)
                0x0000000003802558                vexDisplayPenSizeGet
 .text.vexSystemStdlibImpureDataAddr
                0x0000000003802574       0x28 /Users/Internet/Library/Application Support/Code/User/globalStorage/vexrobotics.vexcode/sdk/cpp/V5/V5_20240223_11_00_00/vexv5/libv5rt.a(v5_apijump.c.obj)
                0x0000000003802574                vexSystemStdlibImpureDataAddr
 .text.vexSystemStdlibImpureDataSize
                0x000000000380259c       0x28 /Users/Internet/Library/Application Support/Code/User/globalStorage/vexrobotics.vexcode/sdk/cpp/V5/V5_20240223_11_00_00/vexv5/libv5rt.a(v5_apijump.c.obj)
                0x000000000380259c                vexSystemStdlibImpureDataSize
 .text.vexSystemSaveUserData
                0x00000000038025c4       0x3c /Users/Internet/Library/Application Support/Code/User/globalStorage/vexrobotics.vexcode/sdk/cpp/V5/V5_20240223_11_00_00/vexv5/libv5rt.a(v5_apijump.c.obj)
                0x00000000038025c4                vexSystemSaveUserData
 .text.vexDisplayClipRegionSet
                0x0000000003802600       0x4c /Users/Internet/Library/Application Support/Code/User/globalStorage/vexrobotics.vexcode/sdk/cpp/V5/V5_20240223_11_00_00/vexv5/libv5rt.a(v5_apijump.c.obj)
                0x0000000003802600                vexDisplayClipRegionSet
 .text.vexDisplayThemeIdGet
                0x000000000380264c       0x38 /Users/Internet/Library/Application Support/Code/User/globalStorage/vexrobotics.vexcode/sdk/cpp/V5/V5_20240223_11_00_00/vexv5/libv5rt.a(v5_apijump.c.obj)
                0x000000000380264c                vexDisplayThemeIdGet
 .text.vexDisplayRender
                0x0000000003802684       0x2c /Users/Internet/Library/Application Support/Code/User/globalStorage/vexrobotics.vexcode/sdk/cpp/V5/V5_20240223_11_00_00/vexv5/libv5rt.a(v5_apijump.c.obj)
                0x0000000003802684                vexDisplayRender
 .text.vexDeviceEventMaskSet
                0x00000000038026b0       0x48 /Users/Internet/Library/Application Support/Code/User/globalStorage/vexrobotics.vexcode/sdk/cpp/V5/V5_20240223_11_00_00/vexv5/libv5rt.a(v5_apijump.c.obj)
                0x00000000038026b0                vexDeviceEventMaskSet
 .text.vexDeviceEventMaskGet
                0x00000000038026f8       0x3c /Users/Internet/Library/Application Support/Code/User/globalStorage/vexrobotics.vexcode/sdk/cpp/V5/V5_20240223_11_00_00/vexv5/libv5rt.a(v5_apijump.c.obj)
                0x00000000038026f8                vexDeviceEventMaskGet
 .text.vexDeviceGenericSerialEnable
                0x0000000003802734       0x2c /Users/Internet/Library/Application Support/Code/User/globalStorage/vexrobotics.vexcode/sdk/cpp/V5/V5_20240223_11_00_00/vexv5/libv5rt.a(v5_apijump.c.obj)
                0x0000000003802734                vexDeviceGenericSerialEnable
 .text.vexDeviceGenericSerialBaudrate
                0x0000000003802760       0x2c /Users/Internet/Library/Application Support/Code/User/globalStorage/vexrobotics.vexcode/sdk/cpp/V5/V5_20240223_11_00_00/vexv5/libv5rt.a(v5_apijump.c.obj)
                0x0000000003802760                vexDeviceGenericSerialBaudrate
 .text.vexDeviceGenericSerialWriteChar
                0x000000000380278c       0x2c /Users/Internet/Library/Application Support/Code/User/globalStorage/vexrobotics.vexcode/sdk/cpp/V5/V5_20240223_11_00_00/vexv5/libv5rt.a(v5_apijump.c.obj)
                0x000000000380278c                vexDeviceGenericSerialWriteChar
 .text.vexDeviceGenericSerialWriteFree
                0x00000000038027b8       0x24 /Users/Internet/Library/Application Support/Code/User/globalStorage/vexrobotics.vexcode/sdk/cpp/V5/V5_20240223_11_00_00/vexv5/libv5rt.a(v5_apijump.c.obj)
                0x00000000038027b8                vexDeviceGenericSerialWriteFree
 .text.vexDeviceGenericSerialTransmit
                0x00000000038027dc       0x34 /Users/Internet/Library/Application Support/Code/User/globalStorage/vexrobotics.vexcode/sdk/cpp/V5/V5_20240223_11_00_00/vexv5/libv5rt.a(v5_apijump.c.obj)
                0x00000000038027dc                vexDeviceGenericSerialTransmit
 .text.vexDeviceGenericSerialReadChar
                0x0000000003802810       0x24 /Users/Internet/Library/Application Support/Code/User/globalStorage/vexrobotics.vexcode/sdk/cpp/V5/V5_20240223_11_00_00/vexv5/libv5rt.a(v5_apijump.c.obj)
                0x0000000003802810                vexDeviceGenericSerialReadChar
 .text.vexDeviceGenericSerialPeekChar
                0x0000000003802834       0x24 /Users/Internet/Library/Application Support/Code/User/globalStorage/vexrobotics.vexcode/sdk/cpp/V5/V5_20240223_11_00_00/vexv5/libv5rt.a(v5_apijump.c.obj)
                0x0000000003802834                vexDeviceGenericSerialPeekChar
 .text.vexDeviceGenericSerialReceiveAvail
                0x0000000003802858       0x24 /Users/Internet/Library/Application Support/Code/User/globalStorage/vexrobotics.vexcode/sdk/cpp/V5/V5_20240223_11_00_00/vexv5/libv5rt.a(v5_apijump.c.obj)
                0x0000000003802858                vexDeviceGenericSerialReceiveAvail
 .text.vexDeviceGenericSerialReceive
                0x000000000380287c       0x34 /Users/Internet/Library/Application Support/Code/User/globalStorage/vexrobotics.vexcode/sdk/cpp/V5/V5_20240223_11_00_00/vexv5/libv5rt.a(v5_apijump.c.obj)
                0x000000000380287c                vexDeviceGenericSerialReceive
 .text.vexDeviceGenericRadioConnection
                0x00000000038028b0       0x3c /Users/Internet/Library/Application Support/Code/User/globalStorage/vexrobotics.vexcode/sdk/cpp/V5/V5_20240223_11_00_00/vexv5/libv5rt.a(v5_apijump.c.obj)
                0x00000000038028b0                vexDeviceGenericRadioConnection
 .text.vexDeviceGenericRadioWriteChar
                0x00000000038028ec       0x2c /Users/Internet/Library/Application Support/Code/User/globalStorage/vexrobotics.vexcode/sdk/cpp/V5/V5_20240223_11_00_00/vexv5/libv5rt.a(v5_apijump.c.obj)
                0x00000000038028ec                vexDeviceGenericRadioWriteChar
 .text.vexDeviceGenericRadioWriteFree
                0x0000000003802918       0x24 /Users/Internet/Library/Application Support/Code/User/globalStorage/vexrobotics.vexcode/sdk/cpp/V5/V5_20240223_11_00_00/vexv5/libv5rt.a(v5_apijump.c.obj)
                0x0000000003802918                vexDeviceGenericRadioWriteFree
 .text.vexDeviceGenericRadioTransmit
                0x000000000380293c       0x34 /Users/Internet/Library/Application Support/Code/User/globalStorage/vexrobotics.vexcode/sdk/cpp/V5/V5_20240223_11_00_00/vexv5/libv5rt.a(v5_apijump.c.obj)
                0x000000000380293c                vexDeviceGenericRadioTransmit
 .text.vexDeviceGenericRadioReadChar
                0x0000000003802970       0x24 /Users/Internet/Library/Application Support/Code/User/globalStorage/vexrobotics.vexcode/sdk/cpp/V5/V5_20240223_11_00_00/vexv5/libv5rt.a(v5_apijump.c.obj)
                0x0000000003802970                vexDeviceGenericRadioReadChar
 .text.vexDeviceGenericRadioPeekChar
                0x0000000003802994       0x24 /Users/Internet/Library/Application Support/Code/User/globalStorage/vexrobotics.vexcode/sdk/cpp/V5/V5_20240223_11_00_00/vexv5/libv5rt.a(v5_apijump.c.obj)
                0x0000000003802994                vexDeviceGenericRadioPeekChar
 .text.vexDeviceGenericRadioReceiveAvail
                0x00000000038029b8       0x24 /Users/Internet/Library/Application Support/Code/User/globalStorage/vexrobotics.vexcode/sdk/cpp/V5/V5_20240223_11_00_00/vexv5/libv5rt.a(v5_apijump.c.obj)
                0x00000000038029b8                vexDeviceGenericRadioReceiveAvail
 .text.vexDeviceGenericRadioReceive
                0x00000000038029dc       0x34 /Users/Internet/Library/Application Support/Code/User/globalStorage/vexrobotics.vexcode/sdk/cpp/V5/V5_20240223_11_00_00/vexv5/libv5rt.a(v5_apijump.c.obj)
                0x00000000038029dc                vexDeviceGenericRadioReceive
 .text.vexDeviceGenericRadioLinkStatus
                0x0000000003802a10       0x24 /Users/Internet/Library/Application Support/Code/User/globalStorage/vexrobotics.vexcode/sdk/cpp/V5/V5_20240223_11_00_00/vexv5/libv5rt.a(v5_apijump.c.obj)
                0x0000000003802a10                vexDeviceGenericRadioLinkStatus
 .text.vexDeviceGenericCdcConnection
                0x0000000003802a34       0x2c /Users/Internet/Library/Application Support/Code/User/globalStorage/vexrobotics.vexcode/sdk/cpp/V5/V5_20240223_11_00_00/vexv5/libv5rt.a(v5_apijump.c.obj)
                0x0000000003802a34                vexDeviceGenericCdcConnection
 .text.vexDeviceGenericCdcWriteChar
                0x0000000003802a60       0x2c /Users/Internet/Library/Application Support/Code/User/globalStorage/vexrobotics.vexcode/sdk/cpp/V5/V5_20240223_11_00_00/vexv5/libv5rt.a(v5_apijump.c.obj)
                0x0000000003802a60                vexDeviceGenericCdcWriteChar
 .text.vexDeviceGenericCdcWriteFree
                0x0000000003802a8c       0x24 /Users/Internet/Library/Application Support/Code/User/globalStorage/vexrobotics.vexcode/sdk/cpp/V5/V5_20240223_11_00_00/vexv5/libv5rt.a(v5_apijump.c.obj)
                0x0000000003802a8c                vexDeviceGenericCdcWriteFree
 .text.vexDeviceGenericCdcTransmit
                0x0000000003802ab0       0x34 /Users/Internet/Library/Application Support/Code/User/globalStorage/vexrobotics.vexcode/sdk/cpp/V5/V5_20240223_11_00_00/vexv5/libv5rt.a(v5_apijump.c.obj)
                0x0000000003802ab0                vexDeviceGenericCdcTransmit
 .text.vexDeviceGenericCdcReadChar
                0x0000000003802ae4       0x24 /Users/Internet/Library/Application Support/Code/User/globalStorage/vexrobotics.vexcode/sdk/cpp/V5/V5_20240223_11_00_00/vexv5/libv5rt.a(v5_apijump.c.obj)
                0x0000000003802ae4                vexDeviceGenericCdcReadChar
 .text.vexDeviceGenericCdcPeekChar
                0x0000000003802b08       0x24 /Users/Internet/Library/Application Support/Code/User/globalStorage/vexrobotics.vexcode/sdk/cpp/V5/V5_20240223_11_00_00/vexv5/libv5rt.a(v5_apijump.c.obj)
                0x0000000003802b08                vexDeviceGenericCdcPeekChar
 .text.vexDeviceGenericCdcReceiveAvail
                0x0000000003802b2c       0x24 /Users/Internet/Library/Application Support/Code/User/globalStorage/vexrobotics.vexcode/sdk/cpp/V5/V5_20240223_11_00_00/vexv5/libv5rt.a(v5_apijump.c.obj)
                0x0000000003802b2c                vexDeviceGenericCdcReceiveAvail
 .text.vexDeviceGenericCdcReceive
                0x0000000003802b50       0x34 /Users/Internet/Library/Application Support/Code/User/globalStorage/vexrobotics.vexcode/sdk/cpp/V5/V5_20240223_11_00_00/vexv5/libv5rt.a(v5_apijump.c.obj)
                0x0000000003802b50                vexDeviceGenericCdcReceive
 .text.vexDeviceGenericCdcLinkStatus
                0x0000000003802b84       0x24 /Users/Internet/Library/Application Support/Code/User/globalStorage/vexrobotics.vexcode/sdk/cpp/V5/V5_20240223_11_00_00/vexv5/libv5rt.a(v5_apijump.c.obj)
                0x0000000003802b84                vexDeviceGenericCdcLinkStatus
 .text.vexSystemVersion
                0x0000000003802ba8       0x10 /Users/Internet/Library/Application Support/Code/User/globalStorage/vexrobotics.vexcode/sdk/cpp/V5/V5_20240223_11_00_00/vexv5/libv5rt.a(v5_apiversions.c.obj)
                0x0000000003802ba8                vexSystemVersion
 .text.vexStdlibVersion
                0x0000000003802bb8       0x10 /Users/Internet/Library/Application Support/Code/User/globalStorage/vexrobotics.vexcode/sdk/cpp/V5/V5_20240223_11_00_00/vexv5/libv5rt.a(v5_apiversions.c.obj)
                0x0000000003802bb8                vexStdlibVersion
 .text._ZN3vex4waitEdNS_9timeUnitsE
                0x0000000003802bc8       0x30 /Users/Internet/Library/Application Support/Code/User/globalStorage/vexrobotics.vexcode/sdk/cpp/V5/V5_20240223_11_00_00/vexv5/libv5rt.a(vex_global.cpp.obj)
                0x0000000003802bc8                vex::wait(double, vex::timeUnits)
 .text._ZN3vex6deviceD2Ev
                0x0000000003802bf8        0x4 /Users/Internet/Library/Application Support/Code/User/globalStorage/vexrobotics.vexcode/sdk/cpp/V5/V5_20240223_11_00_00/vexv5/libv5rt.a(vex_device.cpp.obj)
                0x0000000003802bf8                vex::device::~device()
                0x0000000003802bf8                vex::device::~device()
 .text._ZN3vex6device5valueEv
                0x0000000003802bfc        0x8 /Users/Internet/Library/Application Support/Code/User/globalStorage/vexrobotics.vexcode/sdk/cpp/V5/V5_20240223_11_00_00/vexv5/libv5rt.a(vex_device.cpp.obj)
                0x0000000003802bfc                vex::device::value()
 .text._ZN3vex6deviceD0Ev
                0x0000000003802c04       0x14 /Users/Internet/Library/Application Support/Code/User/globalStorage/vexrobotics.vexcode/sdk/cpp/V5/V5_20240223_11_00_00/vexv5/libv5rt.a(vex_device.cpp.obj)
                0x0000000003802c04                vex::device::~device()
 .text._ZN3vex6device4initEl
                0x0000000003802c18       0x30 /Users/Internet/Library/Application Support/Code/User/globalStorage/vexrobotics.vexcode/sdk/cpp/V5/V5_20240223_11_00_00/vexv5/libv5rt.a(vex_device.cpp.obj)
                0x0000000003802c18                vex::device::init(long)
 .text._ZN3vex6deviceC2El
                0x0000000003802c48       0x20 /Users/Internet/Library/Application Support/Code/User/globalStorage/vexrobotics.vexcode/sdk/cpp/V5/V5_20240223_11_00_00/vexv5/libv5rt.a(vex_device.cpp.obj)
                0x0000000003802c48                vex::device::device(long)
                0x0000000003802c48                vex::device::device(long)
 .text._ZN3vex6device4typeEv
                0x0000000003802c68       0x10 /Users/Internet/Library/Application Support/Code/User/globalStorage/vexrobotics.vexcode/sdk/cpp/V5/V5_20240223_11_00_00/vexv5/libv5rt.a(vex_device.cpp.obj)
                0x0000000003802c68                vex::device::type()
 .text._ZN3vex6device9installedEv
                0x0000000003802c78       0x14 /Users/Internet/Library/Application Support/Code/User/globalStorage/vexrobotics.vexcode/sdk/cpp/V5/V5_20240223_11_00_00/vexv5/libv5rt.a(vex_device.cpp.obj)
                0x0000000003802c78                vex::device::installed()
 .text._ZN3vex5motorD2Ev
                0x0000000003802c8c       0x20 /Users/Internet/Library/Application Support/Code/User/globalStorage/vexrobotics.vexcode/sdk/cpp/V5/V5_20240223_11_00_00/vexv5/libv5rt.a(vex_motor.cpp.obj)
                0x0000000003802c8c                vex::motor::~motor()
                0x0000000003802c8c                vex::motor::~motor()
 .text._ZN3vex5motorD0Ev
                0x0000000003802cac       0x1c /Users/Internet/Library/Application Support/Code/User/globalStorage/vexrobotics.vexcode/sdk/cpp/V5/V5_20240223_11_00_00/vexv5/libv5rt.a(vex_motor.cpp.obj)
                0x0000000003802cac                vex::motor::~motor()
 .text._ZN3vex5motor9installedEv
                0x0000000003802cc8       0x18 /Users/Internet/Library/Application Support/Code/User/globalStorage/vexrobotics.vexcode/sdk/cpp/V5/V5_20240223_11_00_00/vexv5/libv5rt.a(vex_motor.cpp.obj)
                0x0000000003802cc8                vex::motor::installed()
 .text._ZN3vex5motor15defaultStoppingENS_9brakeTypeE
                0x0000000003802ce0       0x30 /Users/Internet/Library/Application Support/Code/User/globalStorage/vexrobotics.vexcode/sdk/cpp/V5/V5_20240223_11_00_00/vexv5/libv5rt.a(vex_motor.cpp.obj)
                0x0000000003802ce0                vex::motor::defaultStopping(vex::brakeType)
 .text._ZN3vex5motorC2El
                0x0000000003802d10       0x78 /Users/Internet/Library/Application Support/Code/User/globalStorage/vexrobotics.vexcode/sdk/cpp/V5/V5_20240223_11_00_00/vexv5/libv5rt.a(vex_motor.cpp.obj)
                0x0000000003802d10                vex::motor::motor(long)
                0x0000000003802d10                vex::motor::motor(long)
 .text._ZN3vex5motorC2ElNS_11gearSettingEb
                0x0000000003802d88       0x34 /Users/Internet/Library/Application Support/Code/User/globalStorage/vexrobotics.vexcode/sdk/cpp/V5/V5_20240223_11_00_00/vexv5/libv5rt.a(vex_motor.cpp.obj)
                0x0000000003802d88                vex::motor::motor(long, vex::gearSetting, bool)
                0x0000000003802d88                vex::motor::motor(long, vex::gearSetting, bool)
 .text._ZN3vex5motor14isSpinningModeEv
                0x0000000003802dbc       0x48 /Users/Internet/Library/Application Support/Code/User/globalStorage/vexrobotics.vexcode/sdk/cpp/V5/V5_20240223_11_00_00/vexv5/libv5rt.a(vex_motor.cpp.obj)
                0x0000000003802dbc                vex::motor::isSpinningMode()
 .text._ZN3vex5motor10isSpinningEv
                0x0000000003802e04       0x44 /Users/Internet/Library/Application Support/Code/User/globalStorage/vexrobotics.vexcode/sdk/cpp/V5/V5_20240223_11_00_00/vexv5/libv5rt.a(vex_motor.cpp.obj)
                0x0000000003802e04                vex::motor::isSpinning()
 .text._ZN3vex5motor4stopENS_9brakeTypeE
                0x0000000003802e48       0x30 /Users/Internet/Library/Application Support/Code/User/globalStorage/vexrobotics.vexcode/sdk/cpp/V5/V5_20240223_11_00_00/vexv5/libv5rt.a(vex_motor.cpp.obj)
                0x0000000003802e48                vex::motor::stop(vex::brakeType)
 .text._ZN3vex5motor4stopEv
                0x0000000003802e78        0x8 /Users/Internet/Library/Application Support/Code/User/globalStorage/vexrobotics.vexcode/sdk/cpp/V5/V5_20240223_11_00_00/vexv5/libv5rt.a(vex_motor.cpp.obj)
                0x0000000003802e78                vex::motor::stop()
 .text._ZN3vex5motor16velocityToScaledEdNS_13velocityUnitsE
                0x0000000003802e80       0x5c /Users/Internet/Library/Application Support/Code/User/globalStorage/vexrobotics.vexcode/sdk/cpp/V5/V5_20240223_11_00_00/vexv5/libv5rt.a(vex_motor.cpp.obj)
                0x0000000003802e80                vex::motor::velocityToScaled(double, vex::velocityUnits)
 .text._ZN3vex5motor8velocityENS_13velocityUnitsE
                0x0000000003802edc       0x30 /Users/Internet/Library/Application Support/Code/User/globalStorage/vexrobotics.vexcode/sdk/cpp/V5/V5_20240223_11_00_00/vexv5/libv5rt.a(vex_motor.cpp.obj)
                0x0000000003802edc                vex::motor::velocity(vex::velocityUnits)
 .text._ZN3vex5motor5valueEv
                0x0000000003802f0c       0x1c /Users/Internet/Library/Application Support/Code/User/globalStorage/vexrobotics.vexcode/sdk/cpp/V5/V5_20240223_11_00_00/vexv5/libv5rt.a(vex_motor.cpp.obj)
                0x0000000003802f0c                vex::motor::value()
 .text._ZN3vex5motor16scaledToVelocityEdNS_13velocityUnitsE
                0x0000000003802f28       0xa4 /Users/Internet/Library/Application Support/Code/User/globalStorage/vexrobotics.vexcode/sdk/cpp/V5/V5_20240223_11_00_00/vexv5/libv5rt.a(vex_motor.cpp.obj)
                0x0000000003802f28                vex::motor::scaledToVelocity(double, vex::velocityUnits)
 .text._ZN3vex5motor4spinENS_13directionTypeEdNS_13velocityUnitsE
                0x0000000003802fcc       0x5c /Users/Internet/Library/Application Support/Code/User/globalStorage/vexrobotics.vexcode/sdk/cpp/V5/V5_20240223_11_00_00/vexv5/libv5rt.a(vex_motor.cpp.obj)
                0x0000000003802fcc                vex::motor::spin(vex::directionType, double, vex::velocityUnits)
 .text._ZN3vex5motor11setVelocityEdNS_13velocityUnitsE
                0x0000000003803028       0x54 /Users/Internet/Library/Application Support/Code/User/globalStorage/vexrobotics.vexcode/sdk/cpp/V5/V5_20240223_11_00_00/vexv5/libv5rt.a(vex_motor.cpp.obj)
                0x0000000003803028                vex::motor::setVelocity(double, vex::velocityUnits)
 .text._ZN3vex5motor16setRotationUnitsENS_13rotationUnitsE
                0x000000000380307c       0x1c /Users/Internet/Library/Application Support/Code/User/globalStorage/vexrobotics.vexcode/sdk/cpp/V5/V5_20240223_11_00_00/vexv5/libv5rt.a(vex_motor.cpp.obj)
                0x000000000380307c                vex::motor::setRotationUnits(vex::rotationUnits)
 .text._ZN3vex5motor7spinForEdNS_13rotationUnitsEdNS_13velocityUnitsEb
                0x0000000003803098       0xf4 /Users/Internet/Library/Application Support/Code/User/globalStorage/vexrobotics.vexcode/sdk/cpp/V5/V5_20240223_11_00_00/vexv5/libv5rt.a(vex_motor.cpp.obj)
                0x0000000003803098                vex::motor::spinFor(double, vex::rotationUnits, double, vex::velocityUnits, bool)
 .text._ZN3vex5motor7spinForENS_13directionTypeEdNS_13rotationUnitsEdNS_13velocityUnitsEb
                0x000000000380318c       0x34 /Users/Internet/Library/Application Support/Code/User/globalStorage/vexrobotics.vexcode/sdk/cpp/V5/V5_20240223_11_00_00/vexv5/libv5rt.a(vex_motor.cpp.obj)
                0x000000000380318c                vex::motor::spinFor(vex::directionType, double, vex::rotationUnits, double, vex::velocityUnits, bool)
 .text._ZN3vex5motor7spinForENS_13directionTypeEdNS_13rotationUnitsEb
                0x00000000038031c0       0x3c /Users/Internet/Library/Application Support/Code/User/globalStorage/vexrobotics.vexcode/sdk/cpp/V5/V5_20240223_11_00_00/vexv5/libv5rt.a(vex_motor.cpp.obj)
                0x00000000038031c0                vex::motor::spinFor(vex::directionType, double, vex::rotationUnits, bool)
 .text._ZN3vex3gps11getTurnTypeEv
                0x00000000038031fc        0x8 /Users/Internet/Library/Application Support/Code/User/globalStorage/vexrobotics.vexcode/sdk/cpp/V5/V5_20240223_11_00_00/vexv5/libv5rt.a(vex_gps.cpp.obj)
                0x00000000038031fc                vex::gps::getTurnType()
 .text._ZThn16_N3vex3gps11getTurnTypeEv
                0x0000000003803204        0x8 /Users/Internet/Library/Application Support/Code/User/globalStorage/vexrobotics.vexcode/sdk/cpp/V5/V5_20240223_11_00_00/vexv5/libv5rt.a(vex_gps.cpp.obj)
                0x0000000003803204                non-virtual thunk to vex::gps::getTurnType()
 *fill*         0x000000000380320c        0x4 
 .text._ZN3vex3gps10setHeadingEdNS_13rotationUnitsE
                0x0000000003803210       0x58 /Users/Internet/Library/Application Support/Code/User/globalStorage/vexrobotics.vexcode/sdk/cpp/V5/V5_20240223_11_00_00/vexv5/libv5rt.a(vex_gps.cpp.obj)
                0x0000000003803210                vex::gps::setHeading(double, vex::rotationUnits)
 .text._ZThn16_N3vex3gps10setHeadingEdNS_13rotationUnitsE
                0x0000000003803268        0x8 /Users/Internet/Library/Application Support/Code/User/globalStorage/vexrobotics.vexcode/sdk/cpp/V5/V5_20240223_11_00_00/vexv5/libv5rt.a(vex_gps.cpp.obj)
                0x0000000003803268                non-virtual thunk to vex::gps::setHeading(double, vex::rotationUnits)
 .text._ZN3vex3gps11setRotationEdNS_13rotationUnitsE
                0x0000000003803270       0x58 /Users/Internet/Library/Application Support/Code/User/globalStorage/vexrobotics.vexcode/sdk/cpp/V5/V5_20240223_11_00_00/vexv5/libv5rt.a(vex_gps.cpp.obj)
                0x0000000003803270                vex::gps::setRotation(double, vex::rotationUnits)
 .text._ZThn16_N3vex3gps11setRotationEdNS_13rotationUnitsE
                0x00000000038032c8        0x8 /Users/Internet/Library/Application Support/Code/User/globalStorage/vexrobotics.vexcode/sdk/cpp/V5/V5_20240223_11_00_00/vexv5/libv5rt.a(vex_gps.cpp.obj)
                0x00000000038032c8                non-virtual thunk to vex::gps::setRotation(double, vex::rotationUnits)
 .text._ZN3vex3gpsD2Ev
                0x00000000038032d0       0x20 /Users/Internet/Library/Application Support/Code/User/globalStorage/vexrobotics.vexcode/sdk/cpp/V5/V5_20240223_11_00_00/vexv5/libv5rt.a(vex_gps.cpp.obj)
                0x00000000038032d0                vex::gps::~gps()
                0x00000000038032d0                vex::gps::~gps()
 .text._ZThn16_N3vex3gpsD1Ev
                0x00000000038032f0        0x8 /Users/Internet/Library/Application Support/Code/User/globalStorage/vexrobotics.vexcode/sdk/cpp/V5/V5_20240223_11_00_00/vexv5/libv5rt.a(vex_gps.cpp.obj)
                0x00000000038032f0                non-virtual thunk to vex::gps::~gps()
 .text._ZN3vex3gpsD0Ev
                0x00000000038032f8       0x1c /Users/Internet/Library/Application Support/Code/User/globalStorage/vexrobotics.vexcode/sdk/cpp/V5/V5_20240223_11_00_00/vexv5/libv5rt.a(vex_gps.cpp.obj)
                0x00000000038032f8                vex::gps::~gps()
 .text._ZThn16_N3vex3gpsD0Ev
                0x0000000003803314        0x8 /Users/Internet/Library/Application Support/Code/User/globalStorage/vexrobotics.vexcode/sdk/cpp/V5/V5_20240223_11_00_00/vexv5/libv5rt.a(vex_gps.cpp.obj)
                0x0000000003803314                non-virtual thunk to vex::gps::~gps()
 .text._ZN3vex3gps9installedEv
                0x000000000380331c       0x18 /Users/Internet/Library/Application Support/Code/User/globalStorage/vexrobotics.vexcode/sdk/cpp/V5/V5_20240223_11_00_00/vexv5/libv5rt.a(vex_gps.cpp.obj)
                0x000000000380331c                vex::gps::installed()
 .text._ZN3vex3gps5angleENS_13rotationUnitsE
                0x0000000003803334       0x84 /Users/Internet/Library/Application Support/Code/User/globalStorage/vexrobotics.vexcode/sdk/cpp/V5/V5_20240223_11_00_00/vexv5/libv5rt.a(vex_gps.cpp.obj)
                0x0000000003803334                vex::gps::angle(vex::rotationUnits)
 .text._ZThn16_N3vex3gps5angleENS_13rotationUnitsE
                0x00000000038033b8        0x8 /Users/Internet/Library/Application Support/Code/User/globalStorage/vexrobotics.vexcode/sdk/cpp/V5/V5_20240223_11_00_00/vexv5/libv5rt.a(vex_gps.cpp.obj)
                0x00000000038033b8                non-virtual thunk to vex::gps::angle(vex::rotationUnits)
 .text._ZN3vex3gps7headingENS_13rotationUnitsE
                0x00000000038033c0        0x4 /Users/Internet/Library/Application Support/Code/User/globalStorage/vexrobotics.vexcode/sdk/cpp/V5/V5_20240223_11_00_00/vexv5/libv5rt.a(vex_gps.cpp.obj)
                0x00000000038033c0                vex::gps::heading(vex::rotationUnits)
 .text._ZThn16_N3vex3gps7headingENS_13rotationUnitsE
                0x00000000038033c4        0x8 /Users/Internet/Library/Application Support/Code/User/globalStorage/vexrobotics.vexcode/sdk/cpp/V5/V5_20240223_11_00_00/vexv5/libv5rt.a(vex_gps.cpp.obj)
                0x00000000038033c4                non-virtual thunk to vex::gps::heading(vex::rotationUnits)
 .text._ZN3vex3gps5valueEv
                0x00000000038033cc       0x1c /Users/Internet/Library/Application Support/Code/User/globalStorage/vexrobotics.vexcode/sdk/cpp/V5/V5_20240223_11_00_00/vexv5/libv5rt.a(vex_gps.cpp.obj)
                0x00000000038033cc                vex::gps::value()
 .text._ZN3vex3gps8rotationENS_13rotationUnitsE
                0x00000000038033e8       0x60 /Users/Internet/Library/Application Support/Code/User/globalStorage/vexrobotics.vexcode/sdk/cpp/V5/V5_20240223_11_00_00/vexv5/libv5rt.a(vex_gps.cpp.obj)
                0x00000000038033e8                vex::gps::rotation(vex::rotationUnits)
 .text._ZThn16_N3vex3gps8rotationENS_13rotationUnitsE
                0x0000000003803448        0x8 /Users/Internet/Library/Application Support/Code/User/globalStorage/vexrobotics.vexcode/sdk/cpp/V5/V5_20240223_11_00_00/vexv5/libv5rt.a(vex_gps.cpp.obj)
                0x0000000003803448                non-virtual thunk to vex::gps::rotation(vex::rotationUnits)
 .text._ZN3vex3gps13isCalibratingEv
                0x0000000003803450       0x38 /Users/Internet/Library/Application Support/Code/User/globalStorage/vexrobotics.vexcode/sdk/cpp/V5/V5_20240223_11_00_00/vexv5/libv5rt.a(vex_gps.cpp.obj)
                0x0000000003803450                vex::gps::isCalibrating()
 .text._ZThn16_N3vex3gps13isCalibratingEv
                0x0000000003803488        0x8 /Users/Internet/Library/Application Support/Code/User/globalStorage/vexrobotics.vexcode/sdk/cpp/V5/V5_20240223_11_00_00/vexv5/libv5rt.a(vex_gps.cpp.obj)
                0x0000000003803488                non-virtual thunk to vex::gps::isCalibrating()
 .text._ZN3vex3gps17setSensorRotationEd
                0x0000000003803490        0x8 /Users/Internet/Library/Application Support/Code/User/globalStorage/vexrobotics.vexcode/sdk/cpp/V5/V5_20240223_11_00_00/vexv5/libv5rt.a(vex_gps.cpp.obj)
                0x0000000003803490                vex::gps::setSensorRotation(double)
 .text._ZN3vex3gpsC2EldNS_8turnTypeE
                0x0000000003803498       0x74 /Users/Internet/Library/Application Support/Code/User/globalStorage/vexrobotics.vexcode/sdk/cpp/V5/V5_20240223_11_00_00/vexv5/libv5rt.a(vex_gps.cpp.obj)
                0x0000000003803498                vex::gps::gps(long, double, vex::turnType)
                0x0000000003803498                vex::gps::gps(long, double, vex::turnType)
 *fill*         0x000000000380350c        0x4 
 .text._ZN3vex3gps9setOriginEddNS_13distanceUnitsE
                0x0000000003803510       0x68 /Users/Internet/Library/Application Support/Code/User/globalStorage/vexrobotics.vexcode/sdk/cpp/V5/V5_20240223_11_00_00/vexv5/libv5rt.a(vex_gps.cpp.obj)
                0x0000000003803510                vex::gps::setOrigin(double, double, vex::distanceUnits)
 .text._ZN3vex3gpsC2ElddNS_13distanceUnitsEdNS_8turnTypeE
                0x0000000003803578       0x4c /Users/Internet/Library/Application Support/Code/User/globalStorage/vexrobotics.vexcode/sdk/cpp/V5/V5_20240223_11_00_00/vexv5/libv5rt.a(vex_gps.cpp.obj)
                0x0000000003803578                vex::gps::gps(long, double, double, vex::distanceUnits, double, vex::turnType)
                0x0000000003803578                vex::gps::gps(long, double, double, vex::distanceUnits, double, vex::turnType)
 .text._ZN3vex3gps16startCalibrationEl
                0x00000000038035c4       0x48 /Users/Internet/Library/Application Support/Code/User/globalStorage/vexrobotics.vexcode/sdk/cpp/V5/V5_20240223_11_00_00/vexv5/libv5rt.a(vex_gps.cpp.obj)
                0x00000000038035c4                vex::gps::startCalibration(long)
 .text._ZN3vex3gps9calibrateEl
                0x000000000380360c        0xc /Users/Internet/Library/Application Support/Code/User/globalStorage/vexrobotics.vexcode/sdk/cpp/V5/V5_20240223_11_00_00/vexv5/libv5rt.a(vex_gps.cpp.obj)
                0x000000000380360c                vex::gps::calibrate(long)
                0x0000000003803610                non-virtual thunk to vex::gps::calibrate(long)
 .text._ZN3vex6threadC2EPFivE
                0x0000000003803618       0x5c /Users/Internet/Library/Application Support/Code/User/globalStorage/vexrobotics.vexcode/sdk/cpp/V5/V5_20240223_11_00_00/vexv5/libv5rt.a(vex_thread.cpp.obj)
                0x0000000003803618                vex::thread::thread(int (*)())
                0x0000000003803618                vex::thread::thread(int (*)())
 .text._ZN3vex6threadC2EPFiPvES1_
                0x0000000003803674       0x5c /Users/Internet/Library/Application Support/Code/User/globalStorage/vexrobotics.vexcode/sdk/cpp/V5/V5_20240223_11_00_00/vexv5/libv5rt.a(vex_thread.cpp.obj)
                0x0000000003803674                vex::thread::thread(int (*)(void*), void*)
                0x0000000003803674                vex::thread::thread(int (*)(void*), void*)
 .text._ZN3vex6threadD2Ev
                0x00000000038036d0        0x4 /Users/Internet/Library/Application Support/Code/User/globalStorage/vexrobotics.vexcode/sdk/cpp/V5/V5_20240223_11_00_00/vexv5/libv5rt.a(vex_thread.cpp.obj)
                0x00000000038036d0                vex::thread::~thread()
                0x00000000038036d0                vex::thread::~thread()
 .text._ZN3vex6thread11setPriorityEl
                0x00000000038036d4       0x1c /Users/Internet/Library/Application Support/Code/User/globalStorage/vexrobotics.vexcode/sdk/cpp/V5/V5_20240223_11_00_00/vexv5/libv5rt.a(vex_thread.cpp.obj)
                0x00000000038036d4                vex::thread::setPriority(long)
 .text._ZN3vex11this_thread5yieldEv
                0x00000000038036f0        0x4 /Users/Internet/Library/Application Support/Code/User/globalStorage/vexrobotics.vexcode/sdk/cpp/V5/V5_20240223_11_00_00/vexv5/libv5rt.a(vex_thread.cpp.obj)
                0x00000000038036f0                vex::this_thread::yield()
 .text._ZN3vex11this_thread9sleep_forEm
                0x00000000038036f4        0x4 /Users/Internet/Library/Application Support/Code/User/globalStorage/vexrobotics.vexcode/sdk/cpp/V5/V5_20240223_11_00_00/vexv5/libv5rt.a(vex_thread.cpp.obj)
                0x00000000038036f4                vex::this_thread::sleep_for(unsigned long)
 .text._ZN3vex5mutexC2Ev
                0x00000000038036f8       0x1c /Users/Internet/Library/Application Support/Code/User/globalStorage/vexrobotics.vexcode/sdk/cpp/V5/V5_20240223_11_00_00/vexv5/libv5rt.a(vex_thread.cpp.obj)
                0x00000000038036f8                vex::mutex::mutex()
                0x00000000038036f8                vex::mutex::mutex()
 .text._ZN3vex5mutexD2Ev
                0x0000000003803714        0x4 /Users/Internet/Library/Application Support/Code/User/globalStorage/vexrobotics.vexcode/sdk/cpp/V5/V5_20240223_11_00_00/vexv5/libv5rt.a(vex_thread.cpp.obj)
                0x0000000003803714                vex::mutex::~mutex()
                0x0000000003803714                vex::mutex::~mutex()
 .text._ZN3vex5mutex4lockEv
                0x0000000003803718        0x8 /Users/Internet/Library/Application Support/Code/User/globalStorage/vexrobotics.vexcode/sdk/cpp/V5/V5_20240223_11_00_00/vexv5/libv5rt.a(vex_thread.cpp.obj)
                0x0000000003803718                vex::mutex::lock()
 .text._ZN3vex5mutex6unlockEv
                0x0000000003803720        0x4 /Users/Internet/Library/Application Support/Code/User/globalStorage/vexrobotics.vexcode/sdk/cpp/V5/V5_20240223_11_00_00/vexv5/libv5rt.a(vex_thread.cpp.obj)
                0x0000000003803720                vex::mutex::unlock()
 .text._ZN3vex5event4initEmmPFvvE
                0x0000000003803724        0x4 /Users/Internet/Library/Application Support/Code/User/globalStorage/vexrobotics.vexcode/sdk/cpp/V5/V5_20240223_11_00_00/vexv5/libv5rt.a(vex_event.cpp.obj)
                0x0000000003803724                vex::event::init(unsigned long, unsigned long, void (*)())
 .text._ZN3vex5event4initEmmPFvPvES1_
                0x0000000003803728        0x4 /Users/Internet/Library/Application Support/Code/User/globalStorage/vexrobotics.vexcode/sdk/cpp/V5/V5_20240223_11_00_00/vexv5/libv5rt.a(vex_event.cpp.obj)
                0x0000000003803728                vex::event::init(unsigned long, unsigned long, void (*)(void*), void*)
 .text._ZN3vex5event9userindexEv
                0x000000000380372c        0x4 /Users/Internet/Library/Application Support/Code/User/globalStorage/vexrobotics.vexcode/sdk/cpp/V5/V5_20240223_11_00_00/vexv5/libv5rt.a(vex_event.cpp.obj)
                0x000000000380372c                vex::event::userindex()
 .text._ZN3vex5brain9_getIndexEv
                0x0000000003803730       0x10 /Users/Internet/Library/Application Support/Code/User/globalStorage/vexrobotics.vexcode/sdk/cpp/V5/V5_20240223_11_00_00/vexv5/libv5rt.a(vex_brain.cpp.obj)
                0x0000000003803730                vex::brain::_getIndex()
 .text._ZN3vex5brain3lcd9setCursorEll
                0x0000000003803740       0x44 /Users/Internet/Library/Application Support/Code/User/globalStorage/vexrobotics.vexcode/sdk/cpp/V5/V5_20240223_11_00_00/vexv5/libv5rt.a(vex_brain.cpp.obj)
                0x0000000003803740                vex::brain::lcd::setCursor(long, long)
 .text._ZN3vex5brain3lcd7setFontENS_8fontTypeE
                0x0000000003803784      0x23c /Users/Internet/Library/Application Support/Code/User/globalStorage/vexrobotics.vexcode/sdk/cpp/V5/V5_20240223_11_00_00/vexv5/libv5rt.a(vex_brain.cpp.obj)
                0x0000000003803784                vex::brain::lcd::setFont(vex::fontType)
 .text._ZN3vex5brain3lcdC2Ev
                0x00000000038039c0       0x94 /Users/Internet/Library/Application Support/Code/User/globalStorage/vexrobotics.vexcode/sdk/cpp/V5/V5_20240223_11_00_00/vexv5/libv5rt.a(vex_brain.cpp.obj)
                0x00000000038039c0                vex::brain::lcd::lcd()
                0x00000000038039c0                vex::brain::lcd::lcd()
 .text._ZN3vex5brainC2Ev
                0x0000000003803a54       0x3c /Users/Internet/Library/Application Support/Code/User/globalStorage/vexrobotics.vexcode/sdk/cpp/V5/V5_20240223_11_00_00/vexv5/libv5rt.a(vex_brain.cpp.obj)
                0x0000000003803a54                vex::brain::brain()
                0x0000000003803a54                vex::brain::brain()
 .text._ZN3vex5brain3lcd11setPenColorERKNS_5colorE
                0x0000000003803a90       0x14 /Users/Internet/Library/Application Support/Code/User/globalStorage/vexrobotics.vexcode/sdk/cpp/V5/V5_20240223_11_00_00/vexv5/libv5rt.a(vex_brain.cpp.obj)
                0x0000000003803a90                vex::brain::lcd::setPenColor(vex::color const&)
 .text._ZN3vex5brain3lcd12setFillColorERKNS_5colorE
                0x0000000003803aa4       0x38 /Users/Internet/Library/Application Support/Code/User/globalStorage/vexrobotics.vexcode/sdk/cpp/V5/V5_20240223_11_00_00/vexv5/libv5rt.a(vex_brain.cpp.obj)
                0x0000000003803aa4                vex::brain::lcd::setFillColor(vex::color const&)
 .text._ZN3vex5brain3lcd7printAtEllPKcz
                0x0000000003803adc       0x54 /Users/Internet/Library/Application Support/Code/User/globalStorage/vexrobotics.vexcode/sdk/cpp/V5/V5_20240223_11_00_00/vexv5/libv5rt.a(vex_brain.cpp.obj)
                0x0000000003803adc                vex::brain::lcd::printAt(long, long, char const*, ...)
 .text._ZN3vex5brain3lcd13drawRectangleEiiii
                0x0000000003803b30       0xdc /Users/Internet/Library/Application Support/Code/User/globalStorage/vexrobotics.vexcode/sdk/cpp/V5/V5_20240223_11_00_00/vexv5/libv5rt.a(vex_brain.cpp.obj)
                0x0000000003803b30                vex::brain::lcd::drawRectangle(int, int, int, int)
 .text._ZN3vex5brain3lcd14_drawRectangleEiiiim
                0x0000000003803c0c       0x74 /Users/Internet/Library/Application Support/Code/User/globalStorage/vexrobotics.vexcode/sdk/cpp/V5/V5_20240223_11_00_00/vexv5/libv5rt.a(vex_brain.cpp.obj)
                0x0000000003803c0c                vex::brain::lcd::_drawRectangle(int, int, int, int, unsigned long)
 .text._ZN3vex5brain3lcd13drawRectangleEiiiiRKNS_5colorE
                0x0000000003803c80       0x68 /Users/Internet/Library/Application Support/Code/User/globalStorage/vexrobotics.vexcode/sdk/cpp/V5/V5_20240223_11_00_00/vexv5/libv5rt.a(vex_brain.cpp.obj)
                0x0000000003803c80                vex::brain::lcd::drawRectangle(int, int, int, int, vex::color const&)
 .text._ZN3vex5brain3lcd6renderEv
                0x0000000003803ce8        0xc /Users/Internet/Library/Application Support/Code/User/globalStorage/vexrobotics.vexcode/sdk/cpp/V5/V5_20240223_11_00_00/vexv5/libv5rt.a(vex_brain.cpp.obj)
                0x0000000003803ce8                vex::brain::lcd::render()
 .text._ZN3vex5brain3lcd13setClipRegionEiiii
                0x0000000003803cf4       0x34 /Users/Internet/Library/Application Support/Code/User/globalStorage/vexrobotics.vexcode/sdk/cpp/V5/V5_20240223_11_00_00/vexv5/libv5rt.a(vex_brain.cpp.obj)
                0x0000000003803cf4                vex::brain::lcd::setClipRegion(int, int, int, int)
 .text._ZN3vex5brainD2Ev
                0x0000000003803d28       0x20 /Users/Internet/Library/Application Support/Code/User/globalStorage/vexrobotics.vexcode/sdk/cpp/V5/V5_20240223_11_00_00/vexv5/libv5rt.a(vex_brain.cpp.obj)
                0x0000000003803d28                vex::brain::~brain()
                0x0000000003803d28                vex::brain::~brain()
 .text._ZN3vex11competition8_disableEPv
                0x0000000003803d48       0xa4 /Users/Internet/Library/Application Support/Code/User/globalStorage/vexrobotics.vexcode/sdk/cpp/V5/V5_20240223_11_00_00/vexv5/libv5rt.a(vex_competition.cpp.obj)
                0x0000000003803d48                vex::competition::_disable(void*)
 .text._ZN3vex11competition11_autonomousEv
                0x0000000003803dec       0x80 /Users/Internet/Library/Application Support/Code/User/globalStorage/vexrobotics.vexcode/sdk/cpp/V5/V5_20240223_11_00_00/vexv5/libv5rt.a(vex_competition.cpp.obj)
                0x0000000003803dec                vex::competition::_autonomous()
 .text._ZN3vex11competition14_drivercontrolEv
                0x0000000003803e6c       0x80 /Users/Internet/Library/Application Support/Code/User/globalStorage/vexrobotics.vexcode/sdk/cpp/V5/V5_20240223_11_00_00/vexv5/libv5rt.a(vex_competition.cpp.obj)
                0x0000000003803e6c                vex::competition::_drivercontrol()
 .text._ZN3vex11competitionC2Ev
                0x0000000003803eec      0x13c /Users/Internet/Library/Application Support/Code/User/globalStorage/vexrobotics.vexcode/sdk/cpp/V5/V5_20240223_11_00_00/vexv5/libv5rt.a(vex_competition.cpp.obj)
                0x0000000003803eec                vex::competition::competition()
                0x0000000003803eec                vex::competition::competition()
 .text._ZN3vex11competitionD2Ev
                0x0000000003804028        0x4 /Users/Internet/Library/Application Support/Code/User/globalStorage/vexrobotics.vexcode/sdk/cpp/V5/V5_20240223_11_00_00/vexv5/libv5rt.a(vex_competition.cpp.obj)
                0x0000000003804028                vex::competition::~competition()
                0x0000000003804028                vex::competition::~competition()
 .text._ZN3vex7triportD2Ev
                0x000000000380402c       0x38 /Users/Internet/Library/Application Support/Code/User/globalStorage/vexrobotics.vexcode/sdk/cpp/V5/V5_20240223_11_00_00/vexv5/libv5rt.a(vex_triport.cpp.obj)
                0x000000000380402c                vex::triport::~triport()
                0x000000000380402c                vex::triport::~triport()
 .text._ZN3vex7triportD0Ev
                0x0000000003804064       0x1c /Users/Internet/Library/Application Support/Code/User/globalStorage/vexrobotics.vexcode/sdk/cpp/V5/V5_20240223_11_00_00/vexv5/libv5rt.a(vex_triport.cpp.obj)
                0x0000000003804064                vex::triport::~triport()
 .text._ZN3vex7triport9installedEv
                0x0000000003804080       0x18 /Users/Internet/Library/Application Support/Code/User/globalStorage/vexrobotics.vexcode/sdk/cpp/V5/V5_20240223_11_00_00/vexv5/libv5rt.a(vex_triport.cpp.obj)
                0x0000000003804080                vex::triport::installed()
 .text._ZN3vex7triport4portC2ElPS0_
                0x0000000003804098       0x74 /Users/Internet/Library/Application Support/Code/User/globalStorage/vexrobotics.vexcode/sdk/cpp/V5/V5_20240223_11_00_00/vexv5/libv5rt.a(vex_triport.cpp.obj)
                0x0000000003804098                vex::triport::port::port(long, vex::triport*)
                0x0000000003804098                vex::triport::port::port(long, vex::triport*)
 .text._ZN3vex7triportC2El
                0x000000000380410c       0xf0 /Users/Internet/Library/Application Support/Code/User/globalStorage/vexrobotics.vexcode/sdk/cpp/V5/V5_20240223_11_00_00/vexv5/libv5rt.a(vex_triport.cpp.obj)
                0x000000000380410c                vex::triport::triport(long)
                0x000000000380410c                vex::triport::triport(long)
 .text._ZN3vex5colorD2Ev
                0x00000000038041fc        0x4 /Users/Internet/Library/Application Support/Code/User/globalStorage/vexrobotics.vexcode/sdk/cpp/V5/V5_20240223_11_00_00/vexv5/libv5rt.a(vex_color.cpp.obj)
                0x00000000038041fc                vex::color::~color()
                0x00000000038041fc                vex::color::~color()
 .text._ZN3vex5colorC2Ei
                0x0000000003804200       0x10 /Users/Internet/Library/Application Support/Code/User/globalStorage/vexrobotics.vexcode/sdk/cpp/V5/V5_20240223_11_00_00/vexv5/libv5rt.a(vex_color.cpp.obj)
                0x0000000003804200                vex::color::color(int)
                0x0000000003804200                vex::color::color(int)
 .text._ZNK3vex5colorcvmEv
                0x0000000003804210        0x8 /Users/Internet/Library/Application Support/Code/User/globalStorage/vexrobotics.vexcode/sdk/cpp/V5/V5_20240223_11_00_00/vexv5/libv5rt.a(vex_color.cpp.obj)
                0x0000000003804210                vex::color::operator unsigned long() const
 .text._ZNK3vex5color13isTransparentEv
                0x0000000003804218        0x8 /Users/Internet/Library/Application Support/Code/User/globalStorage/vexrobotics.vexcode/sdk/cpp/V5/V5_20240223_11_00_00/vexv5/libv5rt.a(vex_color.cpp.obj)
                0x0000000003804218                vex::color::isTransparent() const
 .text.startup._GLOBAL__sub_I__ZN3vex5color5blackE
                0x0000000003804220      0x164 /Users/Internet/Library/Application Support/Code/User/globalStorage/vexrobotics.vexcode/sdk/cpp/V5/V5_20240223_11_00_00/vexv5/libv5rt.a(vex_color.cpp.obj)
 .text._ZN3vex5timerD2Ev
                0x0000000003804384        0x4 /Users/Internet/Library/Application Support/Code/User/globalStorage/vexrobotics.vexcode/sdk/cpp/V5/V5_20240223_11_00_00/vexv5/libv5rt.a(vex_timer.cpp.obj)
                0x0000000003804384                vex::timer::~timer()
                0x0000000003804384                vex::timer::~timer()
 .text._ZN3vex5timer5clearEv
                0x0000000003804388       0x1c /Users/Internet/Library/Application Support/Code/User/globalStorage/vexrobotics.vexcode/sdk/cpp/V5/V5_20240223_11_00_00/vexv5/libv5rt.a(vex_timer.cpp.obj)
                0x0000000003804388                vex::timer::clear()
 .text._ZN3vex5timerC2Ev
                0x00000000038043a4       0x14 /Users/Internet/Library/Application Support/Code/User/globalStorage/vexrobotics.vexcode/sdk/cpp/V5/V5_20240223_11_00_00/vexv5/libv5rt.a(vex_timer.cpp.obj)
                0x00000000038043a4                vex::timer::timer()
                0x00000000038043a4                vex::timer::timer()
 .text._ZNK3vex5timer4timeEv
                0x00000000038043b8       0x1c /Users/Internet/Library/Application Support/Code/User/globalStorage/vexrobotics.vexcode/sdk/cpp/V5/V5_20240223_11_00_00/vexv5/libv5rt.a(vex_timer.cpp.obj)
                0x00000000038043b8                vex::timer::time() const
 .text._ZN3vex5timer6systemEv
                0x00000000038043d4        0x4 /Users/Internet/Library/Application Support/Code/User/globalStorage/vexrobotics.vexcode/sdk/cpp/V5/V5_20240223_11_00_00/vexv5/libv5rt.a(vex_timer.cpp.obj)
                0x00000000038043d4                vex::timer::system()
 .text._ZN3vex10drivetrainD2Ev
                0x00000000038043d8       0x28 /Users/Internet/Library/Application Support/Code/User/globalStorage/vexrobotics.vexcode/sdk/cpp/V5/V5_20240223_11_00_00/vexv5/libv5rt.a(vex_drivetrain.cpp.obj)
                0x00000000038043d8                vex::drivetrain::~drivetrain()
                0x00000000038043d8                vex::drivetrain::~drivetrain()
 .text._ZN3vex10drivetrainD0Ev
                0x0000000003804400       0x1c /Users/Internet/Library/Application Support/Code/User/globalStorage/vexrobotics.vexcode/sdk/cpp/V5/V5_20240223_11_00_00/vexv5/libv5rt.a(vex_drivetrain.cpp.obj)
                0x0000000003804400                vex::drivetrain::~drivetrain()
 .text._ZN3vex10drivetrain8isMovingEv
                0x000000000380441c       0x24 /Users/Internet/Library/Application Support/Code/User/globalStorage/vexrobotics.vexcode/sdk/cpp/V5/V5_20240223_11_00_00/vexv5/libv5rt.a(vex_drivetrain.cpp.obj)
                0x000000000380441c                vex::drivetrain::isMoving()
 .text._ZN3vex10drivetrain16setDriveVelocityEdNS_13velocityUnitsE
                0x0000000003804440       0x48 /Users/Internet/Library/Application Support/Code/User/globalStorage/vexrobotics.vexcode/sdk/cpp/V5/V5_20240223_11_00_00/vexv5/libv5rt.a(vex_drivetrain.cpp.obj)
                0x0000000003804440                vex::drivetrain::setDriveVelocity(double, vex::velocityUnits)
 .text._ZN3vex10drivetrain12setGearRatioEd
                0x0000000003804488       0x54 /Users/Internet/Library/Application Support/Code/User/globalStorage/vexrobotics.vexcode/sdk/cpp/V5/V5_20240223_11_00_00/vexv5/libv5rt.a(vex_drivetrain.cpp.obj)
                0x0000000003804488                vex::drivetrain::setGearRatio(double)
 .text._ZN3vex10drivetrain10timeoutGetEv
                0x00000000038044dc        0x8 /Users/Internet/Library/Application Support/Code/User/globalStorage/vexrobotics.vexcode/sdk/cpp/V5/V5_20240223_11_00_00/vexv5/libv5rt.a(vex_drivetrain.cpp.obj)
                0x00000000038044dc                vex::drivetrain::timeoutGet()
 .text._ZN3vex10drivetrain4turnENS_8turnTypeE
                0x00000000038044e4       0x50 /Users/Internet/Library/Application Support/Code/User/globalStorage/vexrobotics.vexcode/sdk/cpp/V5/V5_20240223_11_00_00/vexv5/libv5rt.a(vex_drivetrain.cpp.obj)
                0x00000000038044e4                vex::drivetrain::turn(vex::turnType)
 .text._ZN3vex10drivetrain15setTurnVelocityEdNS_13velocityUnitsE
                0x0000000003804534       0x28 /Users/Internet/Library/Application Support/Code/User/globalStorage/vexrobotics.vexcode/sdk/cpp/V5/V5_20240223_11_00_00/vexv5/libv5rt.a(vex_drivetrain.cpp.obj)
                0x0000000003804534                vex::drivetrain::setTurnVelocity(double, vex::velocityUnits)
 .text._ZN3vex10drivetrain4turnENS_8turnTypeEdNS_13velocityUnitsE
                0x000000000380455c       0x6c /Users/Internet/Library/Application Support/Code/User/globalStorage/vexrobotics.vexcode/sdk/cpp/V5/V5_20240223_11_00_00/vexv5/libv5rt.a(vex_drivetrain.cpp.obj)
                0x000000000380455c                vex::drivetrain::turn(vex::turnType, double, vex::velocityUnits)
 .text._ZN3vex10drivetrain6isDoneEv
                0x00000000038045c8       0x14 /Users/Internet/Library/Application Support/Code/User/globalStorage/vexrobotics.vexcode/sdk/cpp/V5/V5_20240223_11_00_00/vexv5/libv5rt.a(vex_drivetrain.cpp.obj)
                0x00000000038045c8                vex::drivetrain::isDone()
 .text._ZN3vex10drivetrain4stopEv
                0x00000000038045dc       0x24 /Users/Internet/Library/Application Support/Code/User/globalStorage/vexrobotics.vexcode/sdk/cpp/V5/V5_20240223_11_00_00/vexv5/libv5rt.a(vex_drivetrain.cpp.obj)
                0x00000000038045dc                vex::drivetrain::stop()
 .text._ZN3vex10drivetrain21_waitForCompletionAllEv
                0x0000000003804600       0x80 /Users/Internet/Library/Application Support/Code/User/globalStorage/vexrobotics.vexcode/sdk/cpp/V5/V5_20240223_11_00_00/vexv5/libv5rt.a(vex_drivetrain.cpp.obj)
                0x0000000003804600                vex::drivetrain::_waitForCompletionAll()
 .text._ZN3vex10drivetrain12distanceToMmEdNS_13distanceUnitsE
                0x0000000003804680       0x38 /Users/Internet/Library/Application Support/Code/User/globalStorage/vexrobotics.vexcode/sdk/cpp/V5/V5_20240223_11_00_00/vexv5/libv5rt.a(vex_drivetrain.cpp.obj)
                0x0000000003804680                vex::drivetrain::distanceToMm(double, vex::distanceUnits)
 .text._ZN3vex10drivetrainC2ERNS_5motorES2_dddNS_13distanceUnitsEd
                0x00000000038046b8      0x130 /Users/Internet/Library/Application Support/Code/User/globalStorage/vexrobotics.vexcode/sdk/cpp/V5/V5_20240223_11_00_00/vexv5/libv5rt.a(vex_drivetrain.cpp.obj)
                0x00000000038046b8                vex::drivetrain::drivetrain(vex::motor&, vex::motor&, double, double, double, vex::distanceUnits, double)
                0x00000000038046b8                vex::drivetrain::drivetrain(vex::motor&, vex::motor&, double, double, double, vex::distanceUnits, double)
 .text._ZN3vex10drivetrain14distanceToRevsEdNS_13distanceUnitsE
                0x00000000038047e8       0x34 /Users/Internet/Library/Application Support/Code/User/globalStorage/vexrobotics.vexcode/sdk/cpp/V5/V5_20240223_11_00_00/vexv5/libv5rt.a(vex_drivetrain.cpp.obj)
                0x00000000038047e8                vex::drivetrain::distanceToRevs(double, vex::distanceUnits)
 .text._ZN3vex10drivetrain8driveForENS_13directionTypeEdNS_13distanceUnitsEb
                0x000000000380481c       0x90 /Users/Internet/Library/Application Support/Code/User/globalStorage/vexrobotics.vexcode/sdk/cpp/V5/V5_20240223_11_00_00/vexv5/libv5rt.a(vex_drivetrain.cpp.obj)
                0x000000000380481c                vex::drivetrain::driveFor(vex::directionType, double, vex::distanceUnits, bool)
 .text._ZN3vex10drivetrain8driveForEdNS_13distanceUnitsEb
                0x00000000038048ac       0x10 /Users/Internet/Library/Application Support/Code/User/globalStorage/vexrobotics.vexcode/sdk/cpp/V5/V5_20240223_11_00_00/vexv5/libv5rt.a(vex_drivetrain.cpp.obj)
                0x00000000038048ac                vex::drivetrain::driveFor(double, vex::distanceUnits, bool)
 .text._ZN3vex10drivetrain8driveForENS_13directionTypeEdNS_13distanceUnitsEdNS_13velocityUnitsEb
                0x00000000038048bc       0xc8 /Users/Internet/Library/Application Support/Code/User/globalStorage/vexrobotics.vexcode/sdk/cpp/V5/V5_20240223_11_00_00/vexv5/libv5rt.a(vex_drivetrain.cpp.obj)
                0x00000000038048bc                vex::drivetrain::driveFor(vex::directionType, double, vex::distanceUnits, double, vex::velocityUnits, bool)
 .text._ZN3vex10drivetrain8driveForEdNS_13distanceUnitsEdNS_13velocityUnitsEb
                0x0000000003804984       0x18 /Users/Internet/Library/Application Support/Code/User/globalStorage/vexrobotics.vexcode/sdk/cpp/V5/V5_20240223_11_00_00/vexv5/libv5rt.a(vex_drivetrain.cpp.obj)
                0x0000000003804984                vex::drivetrain::driveFor(double, vex::distanceUnits, double, vex::velocityUnits, bool)
 *fill*         0x000000000380499c        0x4 
 .text._ZN3vex10drivetrain11angleToRevsEdNS_13rotationUnitsE
                0x00000000038049a0       0x98 /Users/Internet/Library/Application Support/Code/User/globalStorage/vexrobotics.vexcode/sdk/cpp/V5/V5_20240223_11_00_00/vexv5/libv5rt.a(vex_drivetrain.cpp.obj)
                0x00000000038049a0                vex::drivetrain::angleToRevs(double, vex::rotationUnits)
 .text._ZN3vex10drivetrain7turnForENS_8turnTypeEdNS_13rotationUnitsEb
                0x0000000003804a38       0xbc /Users/Internet/Library/Application Support/Code/User/globalStorage/vexrobotics.vexcode/sdk/cpp/V5/V5_20240223_11_00_00/vexv5/libv5rt.a(vex_drivetrain.cpp.obj)
                0x0000000003804a38                vex::drivetrain::turnFor(vex::turnType, double, vex::rotationUnits, bool)
 .text._ZN3vex10drivetrain7turnForEdNS_13rotationUnitsEb
                0x0000000003804af4       0x10 /Users/Internet/Library/Application Support/Code/User/globalStorage/vexrobotics.vexcode/sdk/cpp/V5/V5_20240223_11_00_00/vexv5/libv5rt.a(vex_drivetrain.cpp.obj)
                0x0000000003804af4                vex::drivetrain::turnFor(double, vex::rotationUnits, bool)
 .text._ZN3vex10drivetrain7turnForENS_8turnTypeEdNS_13rotationUnitsEdNS_13velocityUnitsEb
                0x0000000003804b04       0xd0 /Users/Internet/Library/Application Support/Code/User/globalStorage/vexrobotics.vexcode/sdk/cpp/V5/V5_20240223_11_00_00/vexv5/libv5rt.a(vex_drivetrain.cpp.obj)
                0x0000000003804b04                vex::drivetrain::turnFor(vex::turnType, double, vex::rotationUnits, double, vex::velocityUnits, bool)
 .text._ZN3vex10drivetrain7turnForEdNS_13rotationUnitsEdNS_13velocityUnitsEb
                0x0000000003804bd4       0x18 /Users/Internet/Library/Application Support/Code/User/globalStorage/vexrobotics.vexcode/sdk/cpp/V5/V5_20240223_11_00_00/vexv5/libv5rt.a(vex_drivetrain.cpp.obj)
                0x0000000003804bd4                vex::drivetrain::turnFor(double, vex::rotationUnits, double, vex::velocityUnits, bool)
 .text._ZN3vex10smartdriveD2Ev
                0x0000000003804bec       0x3c /Users/Internet/Library/Application Support/Code/User/globalStorage/vexrobotics.vexcode/sdk/cpp/V5/V5_20240223_11_00_00/vexv5/libv5rt.a(vex_smartdrive.cpp.obj)
                0x0000000003804bec                vex::smartdrive::~smartdrive()
                0x0000000003804bec                vex::smartdrive::~smartdrive()
 .text._ZN3vex10smartdriveD0Ev
                0x0000000003804c28       0x1c /Users/Internet/Library/Application Support/Code/User/globalStorage/vexrobotics.vexcode/sdk/cpp/V5/V5_20240223_11_00_00/vexv5/libv5rt.a(vex_smartdrive.cpp.obj)
                0x0000000003804c28                vex::smartdrive::~smartdrive()
 .text._ZN3vex10smartdrive23setTurnDirectionReverseEb
                0x0000000003804c44       0x20 /Users/Internet/Library/Application Support/Code/User/globalStorage/vexrobotics.vexcode/sdk/cpp/V5/V5_20240223_11_00_00/vexv5/libv5rt.a(vex_smartdrive.cpp.obj)
                0x0000000003804c44                vex::smartdrive::setTurnDirectionReverse(bool)
 .text._ZN3vex10smartdriveC2ERNS_5motorES2_RNS_5guidoEdddNS_13distanceUnitsEd
                0x0000000003804c64       0xb4 /Users/Internet/Library/Application Support/Code/User/globalStorage/vexrobotics.vexcode/sdk/cpp/V5/V5_20240223_11_00_00/vexv5/libv5rt.a(vex_smartdrive.cpp.obj)
                0x0000000003804c64                vex::smartdrive::smartdrive(vex::motor&, vex::motor&, vex::guido&, double, double, double, vex::distanceUnits, double)
                0x0000000003804c64                vex::smartdrive::smartdrive(vex::motor&, vex::motor&, vex::guido&, double, double, double, vex::distanceUnits, double)
 .text._ZN3vex10smartdrive8rotationENS_13rotationUnitsE
                0x0000000003804d18       0x10 /Users/Internet/Library/Application Support/Code/User/globalStorage/vexrobotics.vexcode/sdk/cpp/V5/V5_20240223_11_00_00/vexv5/libv5rt.a(vex_smartdrive.cpp.obj)
                0x0000000003804d18                vex::smartdrive::rotation(vex::rotationUnits)
 .text._ZN3vex10smartdrive9isTurningEv
                0x0000000003804d28       0x1c /Users/Internet/Library/Application Support/Code/User/globalStorage/vexrobotics.vexcode/sdk/cpp/V5/V5_20240223_11_00_00/vexv5/libv5rt.a(vex_smartdrive.cpp.obj)
                0x0000000003804d28                vex::smartdrive::isTurning()
 .text._ZN3vex10smartdrive11_initeventsEv
                0x0000000003804d44       0x50 /Users/Internet/Library/Application Support/Code/User/globalStorage/vexrobotics.vexcode/sdk/cpp/V5/V5_20240223_11_00_00/vexv5/libv5rt.a(vex_smartdrive.cpp.obj)
                0x0000000003804d44                vex::smartdrive::_initevents()
 .text._ZN3vex10smartdrive22_testForCompletionGyroEv
                0x0000000003804d94       0xd4 /Users/Internet/Library/Application Support/Code/User/globalStorage/vexrobotics.vexcode/sdk/cpp/V5/V5_20240223_11_00_00/vexv5/libv5rt.a(vex_smartdrive.cpp.obj)
                0x0000000003804d94                vex::smartdrive::_testForCompletionGyro()
 .text._ZN3vex10smartdrive9_gyrotaskEPv
                0x0000000003804e68       0x94 /Users/Internet/Library/Application Support/Code/User/globalStorage/vexrobotics.vexcode/sdk/cpp/V5/V5_20240223_11_00_00/vexv5/libv5rt.a(vex_smartdrive.cpp.obj)
                0x0000000003804e68                vex::smartdrive::_gyrotask(void*)
 .text._ZN3vex10smartdrive22_waitForCompletionGyroEv
                0x0000000003804efc       0xa8 /Users/Internet/Library/Application Support/Code/User/globalStorage/vexrobotics.vexcode/sdk/cpp/V5/V5_20240223_11_00_00/vexv5/libv5rt.a(vex_smartdrive.cpp.obj)
                0x0000000003804efc                vex::smartdrive::_waitForCompletionGyro()
 *fill*         0x0000000003804fa4        0x4 
 .text._ZN3vex10smartdrive7turnForENS_8turnTypeEdNS_13rotationUnitsEdNS_13velocityUnitsEb
                0x0000000003804fa8      0x160 /Users/Internet/Library/Application Support/Code/User/globalStorage/vexrobotics.vexcode/sdk/cpp/V5/V5_20240223_11_00_00/vexv5/libv5rt.a(vex_smartdrive.cpp.obj)
                0x0000000003804fa8                vex::smartdrive::turnFor(vex::turnType, double, vex::rotationUnits, double, vex::velocityUnits, bool)
 .text._ZN3vex10smartdrive7turnForENS_8turnTypeEdNS_13rotationUnitsEb
                0x0000000003805108       0x34 /Users/Internet/Library/Application Support/Code/User/globalStorage/vexrobotics.vexcode/sdk/cpp/V5/V5_20240223_11_00_00/vexv5/libv5rt.a(vex_smartdrive.cpp.obj)
                0x0000000003805108                vex::smartdrive::turnFor(vex::turnType, double, vex::rotationUnits, bool)
 .text._ZN3vex10smartdrive7turnForEdNS_13rotationUnitsEb
                0x000000000380513c       0x10 /Users/Internet/Library/Application Support/Code/User/globalStorage/vexrobotics.vexcode/sdk/cpp/V5/V5_20240223_11_00_00/vexv5/libv5rt.a(vex_smartdrive.cpp.obj)
                0x000000000380513c                vex::smartdrive::turnFor(double, vex::rotationUnits, bool)
 .text._ZN3vex10smartdrive7turnForEdNS_13rotationUnitsEdNS_13velocityUnitsEb
                0x000000000380514c       0x18 /Users/Internet/Library/Application Support/Code/User/globalStorage/vexrobotics.vexcode/sdk/cpp/V5/V5_20240223_11_00_00/vexv5/libv5rt.a(vex_smartdrive.cpp.obj)
                0x000000000380514c                vex::smartdrive::turnFor(double, vex::rotationUnits, double, vex::velocityUnits, bool)
 .text._ZN3vex10smartdrive8isMovingEv
                0x0000000003805164       0x20 /Users/Internet/Library/Application Support/Code/User/globalStorage/vexrobotics.vexcode/sdk/cpp/V5/V5_20240223_11_00_00/vexv5/libv5rt.a(vex_smartdrive.cpp.obj)
                0x0000000003805164                vex::smartdrive::isMoving()
 .text._ZN3vex7vexlinkD2Ev
                0x0000000003805184       0x20 /Users/Internet/Library/Application Support/Code/User/globalStorage/vexrobotics.vexcode/sdk/cpp/V5/V5_20240223_11_00_00/vexv5/libv5rt.a(vex_vexlink.cpp.obj)
                0x0000000003805184                vex::vexlink::~vexlink()
                0x0000000003805184                vex::vexlink::~vexlink()
 .text._ZN3vex11serial_linkD2Ev
                0x00000000038051a4       0x28 /Users/Internet/Library/Application Support/Code/User/globalStorage/vexrobotics.vexcode/sdk/cpp/V5/V5_20240223_11_00_00/vexv5/libv5rt.a(vex_vexlink.cpp.obj)
                0x00000000038051a4                vex::serial_link::~serial_link()
                0x00000000038051a4                vex::serial_link::~serial_link()
 .text._ZN3vex7vexlinkD0Ev
                0x00000000038051cc       0x1c /Users/Internet/Library/Application Support/Code/User/globalStorage/vexrobotics.vexcode/sdk/cpp/V5/V5_20240223_11_00_00/vexv5/libv5rt.a(vex_vexlink.cpp.obj)
                0x00000000038051cc                vex::vexlink::~vexlink()
 .text._ZN3vex11serial_linkD0Ev
                0x00000000038051e8       0x1c /Users/Internet/Library/Application Support/Code/User/globalStorage/vexrobotics.vexcode/sdk/cpp/V5/V5_20240223_11_00_00/vexv5/libv5rt.a(vex_vexlink.cpp.obj)
                0x00000000038051e8                vex::serial_link::~serial_link()
 .text._ZN3vex7vexlink9installedEv
                0x0000000003805204       0x18 /Users/Internet/Library/Application Support/Code/User/globalStorage/vexrobotics.vexcode/sdk/cpp/V5/V5_20240223_11_00_00/vexv5/libv5rt.a(vex_vexlink.cpp.obj)
                0x0000000003805204                vex::vexlink::installed()
 .text._ZN3vex7vexlinkC2ElPKcNS_8linkTypeEb
                0x000000000380521c      0x1d0 /Users/Internet/Library/Application Support/Code/User/globalStorage/vexrobotics.vexcode/sdk/cpp/V5/V5_20240223_11_00_00/vexv5/libv5rt.a(vex_vexlink.cpp.obj)
                0x000000000380521c                vex::vexlink::vexlink(long, char const*, vex::linkType, bool)
                0x000000000380521c                vex::vexlink::vexlink(long, char const*, vex::linkType, bool)
 .text._ZN3vex7vexlink8isLinkedEv
                0x00000000038053ec       0x44 /Users/Internet/Library/Application Support/Code/User/globalStorage/vexrobotics.vexcode/sdk/cpp/V5/V5_20240223_11_00_00/vexv5/libv5rt.a(vex_vexlink.cpp.obj)
                0x00000000038053ec                vex::vexlink::isLinked()
 .text._ZN3vex7vexlink5crc32EPhmm
                0x0000000003805430       0x7c /Users/Internet/Library/Application Support/Code/User/globalStorage/vexrobotics.vexcode/sdk/cpp/V5/V5_20240223_11_00_00/vexv5/libv5rt.a(vex_vexlink.cpp.obj)
                0x0000000003805430                vex::vexlink::crc32(unsigned char*, unsigned long, unsigned long)
 .text._ZN3vex11serial_linkC2ElPKcNS_8linkTypeEb
                0x00000000038054ac       0x34 /Users/Internet/Library/Application Support/Code/User/globalStorage/vexrobotics.vexcode/sdk/cpp/V5/V5_20240223_11_00_00/vexv5/libv5rt.a(vex_vexlink.cpp.obj)
                0x00000000038054ac                vex::serial_link::serial_link(long, char const*, vex::linkType, bool)
                0x00000000038054ac                vex::serial_link::serial_link(long, char const*, vex::linkType, bool)
 .text._ZN3vex11serial_link4sendEPhl
                0x00000000038054e0       0x54 /Users/Internet/Library/Application Support/Code/User/globalStorage/vexrobotics.vexcode/sdk/cpp/V5/V5_20240223_11_00_00/vexv5/libv5rt.a(vex_vexlink.cpp.obj)
                0x00000000038054e0                vex::serial_link::send(unsigned char*, long)
 .text._ZN3vex11serial_link7receiveEPhll
                0x0000000003805534       0x88 /Users/Internet/Library/Application Support/Code/User/globalStorage/vexrobotics.vexcode/sdk/cpp/V5/V5_20240223_11_00_00/vexv5/libv5rt.a(vex_vexlink.cpp.obj)
                0x0000000003805534                vex::serial_link::receive(unsigned char*, long, long)
 .text.vexMotorVelocitySet
                0x00000000038055bc       0x20 /Users/Internet/Library/Application Support/Code/User/globalStorage/vexrobotics.vexcode/sdk/cpp/V5/V5_20240223_11_00_00/vexv5/libv5rt.a(v5_apiuser.c.obj)
                0x00000000038055bc                vexMotorVelocitySet
 .text.vexMotorVelocityGet
                0x00000000038055dc       0x18 /Users/Internet/Library/Application Support/Code/User/globalStorage/vexrobotics.vexcode/sdk/cpp/V5/V5_20240223_11_00_00/vexv5/libv5rt.a(v5_apiuser.c.obj)
                0x00000000038055dc                vexMotorVelocityGet
 .text.vexMotorActualVelocityGet
                0x00000000038055f4       0x24 /Users/Internet/Library/Application Support/Code/User/globalStorage/vexrobotics.vexcode/sdk/cpp/V5/V5_20240223_11_00_00/vexv5/libv5rt.a(v5_apiuser.c.obj)
                0x00000000038055f4                vexMotorActualVelocityGet
 .text.vexMotorModeGet
                0x0000000003805618       0x18 /Users/Internet/Library/Application Support/Code/User/globalStorage/vexrobotics.vexcode/sdk/cpp/V5/V5_20240223_11_00_00/vexv5/libv5rt.a(v5_apiuser.c.obj)
                0x0000000003805618                vexMotorModeGet
 .text.vexMotorZeroPositionFlagGet
                0x0000000003805630       0x18 /Users/Internet/Library/Application Support/Code/User/globalStorage/vexrobotics.vexcode/sdk/cpp/V5/V5_20240223_11_00_00/vexv5/libv5rt.a(v5_apiuser.c.obj)
                0x0000000003805630                vexMotorZeroPositionFlagGet
 .text.vexMotorReverseFlagSet
                0x0000000003805648       0x20 /Users/Internet/Library/Application Support/Code/User/globalStorage/vexrobotics.vexcode/sdk/cpp/V5/V5_20240223_11_00_00/vexv5/libv5rt.a(v5_apiuser.c.obj)
                0x0000000003805648                vexMotorReverseFlagSet
 .text.vexMotorEncoderUnitsSet